// Validating benchmarks:
// ***** BenchmarkRunner: Start   *****
// ***** Found 3 benchmark(s) in total *****
// ***** Building 1 exe(s) in Parallel: Start   *****
// start dotnet  restore --nodeReuse:false /p:UseSharedCompilation=false /p:Deterministic=true /p:Optimize=true /p:ArtifactsPath="/Users/stephen/Downloads/ParquetBenchmarks 2/bin/Release/net10.0/ParquetBenchmarks-Job-OIFEUM-1/" /p:OutDir="/Users/stephen/Downloads/ParquetBenchmarks 2/bin/Release/net10.0/ParquetBenchmarks-Job-OIFEUM-1/bin/Release/net10.0/" /p:OutputPath="/Users/stephen/Downloads/ParquetBenchmarks 2/bin/Release/net10.0/ParquetBenchmarks-Job-OIFEUM-1/bin/Release/net10.0/" /p:PublishDir="/Users/stephen/Downloads/ParquetBenchmarks 2/bin/Release/net10.0/ParquetBenchmarks-Job-OIFEUM-1/publish/" in /Users/stephen/Downloads/ParquetBenchmarks 2/bin/Release/net10.0/ParquetBenchmarks-Job-OIFEUM-1
// command took 0.49 sec and exited with 0
// start dotnet  build -c Release --no-restore --nodeReuse:false /p:UseSharedCompilation=false /p:Deterministic=true /p:Optimize=true /p:ArtifactsPath="/Users/stephen/Downloads/ParquetBenchmarks 2/bin/Release/net10.0/ParquetBenchmarks-Job-OIFEUM-1/" /p:OutDir="/Users/stephen/Downloads/ParquetBenchmarks 2/bin/Release/net10.0/ParquetBenchmarks-Job-OIFEUM-1/bin/Release/net10.0/" /p:OutputPath="/Users/stephen/Downloads/ParquetBenchmarks 2/bin/Release/net10.0/ParquetBenchmarks-Job-OIFEUM-1/bin/Release/net10.0/" /p:PublishDir="/Users/stephen/Downloads/ParquetBenchmarks 2/bin/Release/net10.0/ParquetBenchmarks-Job-OIFEUM-1/publish/" --output "/Users/stephen/Downloads/ParquetBenchmarks 2/bin/Release/net10.0/ParquetBenchmarks-Job-OIFEUM-1/bin/Release/net10.0/" in /Users/stephen/Downloads/ParquetBenchmarks 2/bin/Release/net10.0/ParquetBenchmarks-Job-OIFEUM-1
// command took 2.49 sec and exited with 0
// ***** Done, took 00:00:03 (3 sec)   *****
// Found 2 benchmarks:
//   ReadBenchmarks.DuckDb_AdoNet_ReadDecode: Job-OIFEUM(Runtime=.NET 10.0, IterationCount=5, WarmupCount=2)
//   ReadBenchmarks.DuckDb_Dapper_ReadDecode: Job-OIFEUM(Runtime=.NET 10.0, IterationCount=5, WarmupCount=2)

// **************************
// Benchmark: ReadBenchmarks.DuckDb_AdoNet_ReadDecode: Job-OIFEUM(Runtime=.NET 10.0, IterationCount=5, WarmupCount=2)
// *** Execute ***
// Launch: 1 / 1
// Execute: dotnet ParquetBenchmarks-Job-OIFEUM-1.dll --anonymousPipes 130 131 --benchmarkName ParquetBenchmarks.Benchmarks.ReadBenchmarks.DuckDb_AdoNet_ReadDecode --job "Runtime=.NET 10.0, IterationCount=5, WarmupCount=2" --benchmarkId 0 in /Users/stephen/Downloads/ParquetBenchmarks 2/bin/Release/net10.0/ParquetBenchmarks-Job-OIFEUM-1/bin/Release/net10.0
// Failed to set up high priority (Permission denied). In order to run benchmarks with high priority, make sure you have the right permissions.
// BeforeAnythingElse

// Benchmark Process Environment Information:
// BenchmarkDotNet v0.15.8
// Runtime=.NET 10.0.5 (10.0.5, 10.0.526.15411), Arm64 RyuJIT armv8.0-a
// GC=Concurrent Workstation
// HardwareIntrinsics=ArmBase+AdvSimd,AES,CRC32,DP,RDM,SHA1,SHA256 VectorSize=128
// Job: Job-AMZPBM(IterationCount=5, WarmupCount=2)

OverheadJitting  1: 1 op, 94083.00 ns, 94.0830 us/op
WorkloadJitting  1: 1 op, 1047904917.00 ns, 1.0479 s/op

OverheadJitting  2: 1 op, 417.00 ns, 417.0000 ns/op
WorkloadJitting  2: 1 op, 896427500.00 ns, 896.4275 ms/op

WorkloadWarmup   1: 1 op, 907634500.00 ns, 907.6345 ms/op
WorkloadWarmup   2: 1 op, 946427667.00 ns, 946.4277 ms/op

// BeforeActualRun
WorkloadActual   1: 1 op, 945704208.00 ns, 945.7042 ms/op
WorkloadActual   2: 1 op, 1013087250.00 ns, 1.0131 s/op
WorkloadActual   3: 1 op, 969330667.00 ns, 969.3307 ms/op
WorkloadActual   4: 1 op, 969627750.00 ns, 969.6278 ms/op
WorkloadActual   5: 1 op, 942601916.00 ns, 942.6019 ms/op

// AfterActualRun
WorkloadResult   1: 1 op, 945704208.00 ns, 945.7042 ms/op
WorkloadResult   2: 1 op, 969330667.00 ns, 969.3307 ms/op
WorkloadResult   3: 1 op, 969627750.00 ns, 969.6278 ms/op
WorkloadResult   4: 1 op, 942601916.00 ns, 942.6019 ms/op
// GC:  134 71 5 1088143720 1
// Threading:  0 0 1

// AfterAll
// Benchmark Process 95669 has exited with code 0.

Mean = 956.816 ms, StdErr = 7.339 ms (0.77%), N = 4, StdDev = 14.677 ms
Min = 942.602 ms, Q1 = 944.929 ms, Median = 957.517 ms, Q3 = 969.405 ms, Max = 969.628 ms
IQR = 24.476 ms, LowerFence = 908.214 ms, UpperFence = 1,006.119 ms
ConfidenceInterval = [861.972 ms; 1,051.661 ms] (CI 99.9%), Margin = 94.845 ms (9.91% of Mean)
Skewness = -0.01, Kurtosis = 0.58, MValue = 2

// ** Remained 2 (66,7 %) benchmark(s) to run. Estimated finish 2026-09-02 22:36 (0h 0m from now) **
// **************************
// Benchmark: ReadBenchmarks.DuckDb_Dapper_ReadDecode: Job-OIFEUM(Runtime=.NET 10.0, IterationCount=5, WarmupCount=2)
// *** Execute ***
// Launch: 1 / 1
// Execute: dotnet ParquetBenchmarks-Job-OIFEUM-1.dll --anonymousPipes 130 131 --benchmarkName ParquetBenchmarks.Benchmarks.ReadBenchmarks.DuckDb_Dapper_ReadDecode --job "Runtime=.NET 10.0, IterationCount=5, WarmupCount=2" --benchmarkId 1 in /Users/stephen/Downloads/ParquetBenchmarks 2/bin/Release/net10.0/ParquetBenchmarks-Job-OIFEUM-1/bin/Release/net10.0
// Failed to set up high priority (Permission denied). In order to run benchmarks with high priority, make sure you have the right permissions.
// BeforeAnythingElse

// Benchmark Process Environment Information:
// BenchmarkDotNet v0.15.8
// Runtime=.NET 10.0.5 (10.0.5, 10.0.526.15411), Arm64 RyuJIT armv8.0-a
// GC=Concurrent Workstation
// HardwareIntrinsics=ArmBase+AdvSimd,AES,CRC32,DP,RDM,SHA1,SHA256 VectorSize=128
// Job: Job-AMZPBM(IterationCount=5, WarmupCount=2)

OverheadJitting  1: 1 op, 81250.00 ns, 81.2500 us/op
WorkloadJitting  1: 1 op, 1475079291.00 ns, 1.4751 s/op

OverheadJitting  2: 1 op, 292.00 ns, 292.0000 ns/op
WorkloadJitting  2: 1 op, 1250133750.00 ns, 1.2501 s/op

WorkloadWarmup   1: 1 op, 1234346042.00 ns, 1.2343 s/op
WorkloadWarmup   2: 1 op, 1113527166.00 ns, 1.1135 s/op

// BeforeActualRun
WorkloadActual   1: 1 op, 1358308958.00 ns, 1.3583 s/op
WorkloadActual   2: 1 op, 1192400625.00 ns, 1.1924 s/op
WorkloadActual   3: 1 op, 1123010042.00 ns, 1.1230 s/op
WorkloadActual   4: 1 op, 1277320458.00 ns, 1.2773 s/op
WorkloadActual   5: 1 op, 1235368458.00 ns, 1.2354 s/op

// AfterActualRun
WorkloadResult   1: 1 op, 1358308958.00 ns, 1.3583 s/op
WorkloadResult   2: 1 op, 1192400625.00 ns, 1.1924 s/op
WorkloadResult   3: 1 op, 1123010042.00 ns, 1.1230 s/op
WorkloadResult   4: 1 op, 1277320458.00 ns, 1.2773 s/op
WorkloadResult   5: 1 op, 1235368458.00 ns, 1.2354 s/op
// GC:  149 77 6 1216926416 1
// Threading:  0 0 1

// AfterAll
// Benchmark Process 95670 has exited with code 0.

Mean = 1.237 s, StdErr = 0.040 s (3.20%), N = 5, StdDev = 0.088 s
Min = 1.123 s, Q1 = 1.192 s, Median = 1.235 s, Q3 = 1.277 s, Max = 1.358 s
IQR = 0.085 s, LowerFence = 1.065 s, UpperFence = 1.405 s
ConfidenceInterval = [0.897 s; 1.578 s] (CI 99.9%), Margin = 0.341 s (27.54% of Mean)
Skewness = 0.07, Kurtosis = 1.28, MValue = 2

// ** Remained 1 (33,3 %) benchmark(s) to run. Estimated finish 2026-09-02 22:36 (0h 0m from now) **
// ***** BenchmarkRunner: Finish  *****

// * Export *
  BenchmarkDotNet.Artifacts/results/ParquetBenchmarks.Benchmarks.ReadBenchmarks-report.csv
  BenchmarkDotNet.Artifacts/results/ParquetBenchmarks.Benchmarks.ReadBenchmarks-report-github.md
  BenchmarkDotNet.Artifacts/results/ParquetBenchmarks.Benchmarks.ReadBenchmarks-report.html

// * Detailed results *
ReadBenchmarks.DuckDb_AdoNet_ReadDecode: Job-OIFEUM(Runtime=.NET 10.0, IterationCount=5, WarmupCount=2)
Runtime = .NET 10.0.5 (10.0.5, 10.0.526.15411), Arm64 RyuJIT armv8.0-a; GC = Concurrent Workstation
Mean = 956.816 ms, StdErr = 7.339 ms (0.77%), N = 4, StdDev = 14.677 ms
Min = 942.602 ms, Q1 = 944.929 ms, Median = 957.517 ms, Q3 = 969.405 ms, Max = 969.628 ms
IQR = 24.476 ms, LowerFence = 908.214 ms, UpperFence = 1,006.119 ms
ConfidenceInterval = [861.972 ms; 1,051.661 ms] (CI 99.9%), Margin = 94.845 ms (9.91% of Mean)
Skewness = -0.01, Kurtosis = 0.58, MValue = 2
-------------------- Histogram --------------------
[930.466 ms ; 969.802 ms) | @@@@
---------------------------------------------------

ReadBenchmarks.DuckDb_Dapper_ReadDecode: Job-OIFEUM(Runtime=.NET 10.0, IterationCount=5, WarmupCount=2)
Runtime = .NET 10.0.5 (10.0.5, 10.0.526.15411), Arm64 RyuJIT armv8.0-a; GC = Concurrent Workstation
Mean = 1.237 s, StdErr = 0.040 s (3.20%), N = 5, StdDev = 0.088 s
Min = 1.123 s, Q1 = 1.192 s, Median = 1.235 s, Q3 = 1.277 s, Max = 1.358 s
IQR = 0.085 s, LowerFence = 1.065 s, UpperFence = 1.405 s
ConfidenceInterval = [0.897 s; 1.578 s] (CI 99.9%), Margin = 0.341 s (27.54% of Mean)
Skewness = 0.07, Kurtosis = 1.28, MValue = 2
-------------------- Histogram --------------------
[1.055 s ; 1.167 s) | @
[1.167 s ; 1.303 s) | @@@
[1.303 s ; 1.426 s) | @
---------------------------------------------------

// * Summary *

BenchmarkDotNet v0.15.8, macOS Tahoe 26.6.2 (25G83) [Darwin 25.6.0]
Apple M4, 1 CPU, 10 logical and 10 physical cores
.NET SDK 10.0.201
  [Host]     : .NET 10.0.5 (10.0.5, 10.0.526.15411), Arm64 RyuJIT armv8.0-a
  Job-OIFEUM : .NET 10.0.5 (10.0.5, 10.0.526.15411), Arm64 RyuJIT armv8.0-a

Runtime=.NET 10.0  IterationCount=5  WarmupCount=2  

| Method                   | Mean       | Error     | StdDev   | Gen0        | Gen1       | Gen2      | Allocated |
|------------------------- |-----------:|----------:|---------:|------------:|-----------:|----------:|----------:|
| DuckDb_AdoNet_ReadDecode |   956.8 ms |  94.84 ms | 14.68 ms | 134000.0000 | 71000.0000 | 5000.0000 |   1.01 GB |
| DuckDb_Dapper_ReadDecode | 1,237.3 ms | 340.77 ms | 88.50 ms | 149000.0000 | 77000.0000 | 6000.0000 |   1.13 GB |

// * Hints *
Outliers
  ReadBenchmarks.DuckDb_AdoNet_ReadDecode: Runtime=.NET 10.0, IterationCount=5, WarmupCount=2 -> 1 outlier  was  removed (1.01 s)

// * Legends *
  Mean      : Arithmetic mean of all measurements
  Error     : Half of 99.9% confidence interval
  StdDev    : Standard deviation of all measurements
  Gen0      : GC Generation 0 collects per 1000 operations
  Gen1      : GC Generation 1 collects per 1000 operations
  Gen2      : GC Generation 2 collects per 1000 operations
  Allocated : Allocated memory per single operation (managed only, inclusive, 1KB = 1024B)
  1 ms      : 1 Millisecond (0.001 sec)

// * Diagnostic Output - MemoryDiagnoser *


// ***** BenchmarkRunner: End *****
Run time: 00:00:39 (39.37 sec), executed benchmarks: 2

// Found 1 benchmarks:
//   WriteBenchmarks.DuckDb_Write: Job-OIFEUM(Runtime=.NET 10.0, IterationCount=5, WarmupCount=2)

// **************************
// Benchmark: WriteBenchmarks.DuckDb_Write: Job-OIFEUM(Runtime=.NET 10.0, IterationCount=5, WarmupCount=2)
// *** Execute ***
// Launch: 1 / 1
// Execute: dotnet ParquetBenchmarks-Job-OIFEUM-1.dll --anonymousPipes 136 137 --benchmarkName ParquetBenchmarks.Benchmarks.WriteBenchmarks.DuckDb_Write --job "Runtime=.NET 10.0, IterationCount=5, WarmupCount=2" --benchmarkId 2 in /Users/stephen/Downloads/ParquetBenchmarks 2/bin/Release/net10.0/ParquetBenchmarks-Job-OIFEUM-1/bin/Release/net10.0
// Failed to set up high priority (Permission denied). In order to run benchmarks with high priority, make sure you have the right permissions.
// BeforeAnythingElse

// Benchmark Process Environment Information:
// BenchmarkDotNet v0.15.8
// Runtime=.NET 10.0.5 (10.0.5, 10.0.526.15411), Arm64 RyuJIT armv8.0-a
// GC=Concurrent Workstation
// HardwareIntrinsics=ArmBase+AdvSimd,AES,CRC32,DP,RDM,SHA1,SHA256 VectorSize=128
// Job: Job-AMZPBM(IterationCount=5, WarmupCount=2)

OverheadJitting  1: 1 op, 66458.00 ns, 66.4580 us/op
WorkloadJitting  1: 1 op, 1015234625.00 ns, 1.0152 s/op

OverheadJitting  2: 1 op, 1000.00 ns, 1.0000 us/op
WorkloadJitting  2: 1 op, 859236875.00 ns, 859.2369 ms/op

WorkloadWarmup   1: 1 op, 826564875.00 ns, 826.5649 ms/op
WorkloadWarmup   2: 1 op, 808399292.00 ns, 808.3993 ms/op

// BeforeActualRun
WorkloadActual   1: 1 op, 792834166.00 ns, 792.8342 ms/op
WorkloadActual   2: 1 op, 808747916.00 ns, 808.7479 ms/op
WorkloadActual   3: 1 op, 859656583.00 ns, 859.6566 ms/op
WorkloadActual   4: 1 op, 805302416.00 ns, 805.3024 ms/op
WorkloadActual   5: 1 op, 801502125.00 ns, 801.5021 ms/op

// AfterActualRun
WorkloadResult   1: 1 op, 792834166.00 ns, 792.8342 ms/op
WorkloadResult   2: 1 op, 808747916.00 ns, 808.7479 ms/op
WorkloadResult   3: 1 op, 805302416.00 ns, 805.3024 ms/op
WorkloadResult   4: 1 op, 801502125.00 ns, 801.5021 ms/op
// GC:  97 0 0 816242200 1
// Threading:  0 0 1

// AfterAll
// Benchmark Process 95705 has exited with code 0.

Mean = 802.097 ms, StdErr = 3.424 ms (0.43%), N = 4, StdDev = 6.847 ms
Min = 792.834 ms, Q1 = 799.335 ms, Median = 803.402 ms, Q3 = 806.164 ms, Max = 808.748 ms
IQR = 6.829 ms, LowerFence = 789.092 ms, UpperFence = 816.407 ms
ConfidenceInterval = [757.848 ms; 846.345 ms] (CI 99.9%), Margin = 44.248 ms (5.52% of Mean)
Skewness = -0.36, Kurtosis = 1.07, MValue = 2

// ** Remained 0 (0,0 %) benchmark(s) to run. Estimated finish 2026-09-02 22:36 (0h 0m from now) **
// ***** BenchmarkRunner: Finish  *****

// * Export *
  BenchmarkDotNet.Artifacts/results/ParquetBenchmarks.Benchmarks.WriteBenchmarks-report.csv
  BenchmarkDotNet.Artifacts/results/ParquetBenchmarks.Benchmarks.WriteBenchmarks-report-github.md
  BenchmarkDotNet.Artifacts/results/ParquetBenchmarks.Benchmarks.WriteBenchmarks-report.html

// * Detailed results *
WriteBenchmarks.DuckDb_Write: Job-OIFEUM(Runtime=.NET 10.0, IterationCount=5, WarmupCount=2)
Runtime = .NET 10.0.5 (10.0.5, 10.0.526.15411), Arm64 RyuJIT armv8.0-a; GC = Concurrent Workstation
Mean = 802.097 ms, StdErr = 3.424 ms (0.43%), N = 4, StdDev = 6.847 ms
Min = 792.834 ms, Q1 = 799.335 ms, Median = 803.402 ms, Q3 = 806.164 ms, Max = 808.748 ms
IQR = 6.829 ms, LowerFence = 789.092 ms, UpperFence = 816.407 ms
ConfidenceInterval = [757.848 ms; 846.345 ms] (CI 99.9%), Margin = 44.248 ms (5.52% of Mean)
Skewness = -0.36, Kurtosis = 1.07, MValue = 2
-------------------- Histogram --------------------
[787.173 ms ; 813.176 ms) | @@@@
---------------------------------------------------

// * Summary *

BenchmarkDotNet v0.15.8, macOS Tahoe 26.6.2 (25G83) [Darwin 25.6.0]
Apple M4, 1 CPU, 10 logical and 10 physical cores
.NET SDK 10.0.201
  [Host]     : .NET 10.0.5 (10.0.5, 10.0.526.15411), Arm64 RyuJIT armv8.0-a
  Job-OIFEUM : .NET 10.0.5 (10.0.5, 10.0.526.15411), Arm64 RyuJIT armv8.0-a

Runtime=.NET 10.0  IterationCount=5  WarmupCount=2  

| Method       | Mean     | Error    | StdDev  | Gen0       | Allocated |
|------------- |---------:|---------:|--------:|-----------:|----------:|
| DuckDb_Write | 802.1 ms | 44.25 ms | 6.85 ms | 97000.0000 | 778.43 MB |

// * Hints *
Outliers
  WriteBenchmarks.DuckDb_Write: Runtime=.NET 10.0, IterationCount=5, WarmupCount=2 -> 1 outlier  was  removed (859.66 ms)

// * Legends *
  Mean      : Arithmetic mean of all measurements
  Error     : Half of 99.9% confidence interval
  StdDev    : Standard deviation of all measurements
  Gen0      : GC Generation 0 collects per 1000 operations
  Allocated : Allocated memory per single operation (managed only, inclusive, 1KB = 1024B)
  1 ms      : 1 Millisecond (0.001 sec)

// * Diagnostic Output - MemoryDiagnoser *


// ***** BenchmarkRunner: End *****
Run time: 00:00:17 (17.16 sec), executed benchmarks: 1

Global total time: 00:00:59 (59.71 sec), executed benchmarks: 3
// * Artifacts cleanup *
Artifacts cleanup is finished
