// Validating benchmarks:
// ***** BenchmarkRunner: Start   *****
// ***** Found 5 benchmark(s) in total *****
// ***** Building 1 exe(s) in Parallel: Start   *****
// start dotnet  restore --nodeReuse:false /p:UseSharedCompilation=false /p:Deterministic=true /p:Optimize=true /p:ArtifactsPath="/Users/stephen/Downloads/ParquetBenchmarks 2/bin/Release/net10.0/ParquetBenchmarks-Job-OIFEUM-1/" /p:OutDir="/Users/stephen/Downloads/ParquetBenchmarks 2/bin/Release/net10.0/ParquetBenchmarks-Job-OIFEUM-1/bin/Release/net10.0/" /p:OutputPath="/Users/stephen/Downloads/ParquetBenchmarks 2/bin/Release/net10.0/ParquetBenchmarks-Job-OIFEUM-1/bin/Release/net10.0/" /p:PublishDir="/Users/stephen/Downloads/ParquetBenchmarks 2/bin/Release/net10.0/ParquetBenchmarks-Job-OIFEUM-1/publish/" in /Users/stephen/Downloads/ParquetBenchmarks 2/bin/Release/net10.0/ParquetBenchmarks-Job-OIFEUM-1
// command took 0.57 sec and exited with 0
// start dotnet  build -c Release --no-restore --nodeReuse:false /p:UseSharedCompilation=false /p:Deterministic=true /p:Optimize=true /p:ArtifactsPath="/Users/stephen/Downloads/ParquetBenchmarks 2/bin/Release/net10.0/ParquetBenchmarks-Job-OIFEUM-1/" /p:OutDir="/Users/stephen/Downloads/ParquetBenchmarks 2/bin/Release/net10.0/ParquetBenchmarks-Job-OIFEUM-1/bin/Release/net10.0/" /p:OutputPath="/Users/stephen/Downloads/ParquetBenchmarks 2/bin/Release/net10.0/ParquetBenchmarks-Job-OIFEUM-1/bin/Release/net10.0/" /p:PublishDir="/Users/stephen/Downloads/ParquetBenchmarks 2/bin/Release/net10.0/ParquetBenchmarks-Job-OIFEUM-1/publish/" --output "/Users/stephen/Downloads/ParquetBenchmarks 2/bin/Release/net10.0/ParquetBenchmarks-Job-OIFEUM-1/bin/Release/net10.0/" in /Users/stephen/Downloads/ParquetBenchmarks 2/bin/Release/net10.0/ParquetBenchmarks-Job-OIFEUM-1
// command took 2.54 sec and exited with 0
// ***** Done, took 00:00:03 (3.14 sec)   *****
// Found 5 benchmarks:
//   ReadBenchmarks.ParquetNet_ReadDecode: Job-OIFEUM(Runtime=.NET 10.0, IterationCount=5, WarmupCount=2)
//   ReadBenchmarks.ParquetSharp_Column_ReadDecode: Job-OIFEUM(Runtime=.NET 10.0, IterationCount=5, WarmupCount=2)
//   ReadBenchmarks.ParquetSharp_Arrow_ReadDecode: Job-OIFEUM(Runtime=.NET 10.0, IterationCount=5, WarmupCount=2)
//   ReadBenchmarks.DuckDb_AdoNet_ReadDecode: Job-OIFEUM(Runtime=.NET 10.0, IterationCount=5, WarmupCount=2)
//   ReadBenchmarks.DuckDb_Dapper_ReadDecode: Job-OIFEUM(Runtime=.NET 10.0, IterationCount=5, WarmupCount=2)

// **************************
// Benchmark: ReadBenchmarks.ParquetNet_ReadDecode: Job-OIFEUM(Runtime=.NET 10.0, IterationCount=5, WarmupCount=2)
// *** Execute ***
// Launch: 1 / 1
// Execute: dotnet ParquetBenchmarks-Job-OIFEUM-1.dll --anonymousPipes 132 133 --benchmarkName ParquetBenchmarks.Benchmarks.ReadBenchmarks.ParquetNet_ReadDecode --job "Runtime=.NET 10.0, IterationCount=5, WarmupCount=2" --benchmarkId 0 in /Users/stephen/Downloads/ParquetBenchmarks 2/bin/Release/net10.0/ParquetBenchmarks-Job-OIFEUM-1/bin/Release/net10.0
// Failed to set up high priority (Permission denied). In order to run benchmarks with high priority, make sure you have the right permissions.
// BeforeAnythingElse

// Benchmark Process Environment Information:
// BenchmarkDotNet v0.15.8
// Runtime=.NET 10.0.5 (10.0.5, 10.0.526.15411), Arm64 RyuJIT armv8.0-a
// GC=Concurrent Workstation
// HardwareIntrinsics=ArmBase+AdvSimd,AES,CRC32,DP,RDM,SHA1,SHA256 VectorSize=128
// Job: Job-AMZPBM(IterationCount=5, WarmupCount=2)


System.Reflection.TargetInvocationException: Exception has been thrown by the target of an invocation.
 ---> System.DllNotFoundException: Unable to load shared library 'duckdb' or one of its dependencies. In order to help diagnose loading problems, consider setting the DYLD_PRINT_LIBRARIES environment variable: 
dlopen(/Users/stephen/Downloads/ParquetBenchmarks 2/bin/Release/net10.0/ParquetBenchmarks-Job-OIFEUM-1/bin/Release/net10.0/runtimes/osx-arm64/native/duckdb.dylib, 0x0001): tried: '/Users/stephen/Downloads/ParquetBenchmarks 2/bin/Release/net10.0/ParquetBenchmarks-Job-OIFEUM-1/bin/Release/net10.0/runtimes/osx-arm64/native/duckdb.dylib' (no such file), '/System/Volumes/Preboot/Cryptexes/OS/Users/stephen/Downloads/ParquetBenchmarks 2/bin/Release/net10.0/ParquetBenchmarks-Job-OIFEUM-1/bin/Release/net10.0/runtimes/osx-arm64/native/duckdb.dylib' (no such file), '/Users/stephen/Downloads/ParquetBenchmarks 2/bin/Release/net10.0/ParquetBenchmarks-Job-OIFEUM-1/bin/Release/net10.0/runtimes/osx-arm64/native/duckdb.dylib' (no such file)
dlopen(/usr/local/share/dotnet/shared/Microsoft.NETCore.App/10.0.5/duckdb.dylib, 0x0001): tried: '/usr/local/share/dotnet/shared/Microsoft.NETCore.App/10.0.5/duckdb.dylib' (no such file), '/System/Volumes/Preboot/Cryptexes/OS/usr/local/share/dotnet/shared/Microsoft.NETCore.App/10.0.5/duckdb.dylib' (no such file), '/usr/local/share/dotnet/shared/Microsoft.NETCore.App/10.0.5/duckdb.dylib' (no such file)
dlopen(/Users/stephen/Downloads/ParquetBenchmarks 2/bin/Release/net10.0/ParquetBenchmarks-Job-OIFEUM-1/bin/Release/net10.0/duckdb.dylib, 0x0001): tried: '/Users/stephen/Downloads/ParquetBenchmarks 2/bin/Release/net10.0/ParquetBenchmarks-Job-OIFEUM-1/bin/Release/net10.0/duckdb.dylib' (no such file), '/System/Volumes/Preboot/Cryptexes/OS/Users/stephen/Downloads/ParquetBenchmarks 2/bin/Release/net10.0/ParquetBenchmarks-Job-OIFEUM-1/bin/Release/net10.0/duckdb.dylib' (no such file), '/Users/stephen/Downloads/ParquetBenchmarks 2/bin/Release/net10.0/ParquetBenchmarks-Job-OIFEUM-1/bin/Release/net10.0/duckdb.dylib' (no such file)
dlopen(duckdb.dylib, 0x0001): tried: 'duckdb.dylib' (no such file), '/System/Volumes/Preboot/Cryptexes/OSduckdb.dylib' (no such file), '/usr/lib/duckdb.dylib' (no such file, not in dyld cache), 'duckdb.dylib' (no such file)
dlopen(/Users/stephen/Downloads/ParquetBenchmarks 2/bin/Release/net10.0/ParquetBenchmarks-Job-OIFEUM-1/bin/Release/net10.0/runtimes/osx-arm64/native/libduckdb.dylib, 0x0001): tried: '/Users/stephen/Downloads/ParquetBenchmarks 2/bin/Release/net10.0/ParquetBenchmarks-Job-OIFEUM-1/bin/Release/net10.0/runtimes/osx-arm64/native/libduckdb.dylib' (no such file), '/System/Volumes/Preboot/Cryptexes/OS/Users/stephen/Downloads/ParquetBenchmarks 2/bin/Release/net10.0/ParquetBenchmarks-Job-OIFEUM-1/bin/Release/net10.0/runtimes/osx-arm64/native/libduckdb.dylib' (no such file), '/Users/stephen/Downloads/ParquetBenchmarks 2/bin/Release/net10.0/ParquetBenchmarks-Job-OIFEUM-1/bin/Release/net10.0/runtimes/osx-arm64/native/libduckdb.dylib' (no such file)
dlopen(/usr/local/share/dotnet/shared/Microsoft.NETCore.App/10.0.5/libduckdb.dylib, 0x0001): tried: '/usr/local/share/dotnet/shared/Microsoft.NETCore.App/10.0.5/libduckdb.dylib' (no such file), '/System/Volumes/Preboot/Cryptexes/OS/usr/local/share/dotnet/shared/Microsoft.NETCore.App/10.0.5/libduckdb.dylib' (no such file), '/usr/local/share/dotnet/shared/Microsoft.NETCore.App/10.0.5/libduckdb.dylib' (no such file)
dlopen(/Users/stephen/Downloads/ParquetBenchmarks 2/bin/Release/net10.0/ParquetBenchmarks-Job-OIFEUM-1/bin/Release/net10.0/libduckdb.dylib, 0x0001): tried: '/Users/stephen/Downloads/ParquetBenchmarks 2/bin/Release/net10.0/ParquetBenchmarks-Job-OIFEUM-1/bin/Release/net10.0/libduckdb.dylib' (no such file), '/System/Volumes/Preboot/Cryptexes/OS/Users/stephen/Downloads/ParquetBenchmarks 2/bin/Release/net10.0/ParquetBenchmarks-Job-OIFEUM-1/bin/Release/net10.0/libduckdb.dylib' (no such file), '/Users/stephen/Downloads/ParquetBenchmarks 2/bin/Release/net10.0/ParquetBenchmarks-Job-OIFEUM-1/bin/Release/net10.0/libduckdb.dylib' (no such file)
dlopen(libduckdb.dylib, 0x0001): tried: 'libduckdb.dylib' (no such file), '/System/Volumes/Preboot/Cryptexes/OSlibduckdb.dylib' (no such file), '/usr/lib/libduckdb.dylib' (no such file, not in dyld cache), 'libduckdb.dylib' (no such file)
dlopen(/Users/stephen/Downloads/ParquetBenchmarks 2/bin/Release/net10.0/ParquetBenchmarks-Job-OIFEUM-1/bin/Release/net10.0/runtimes/osx-arm64/native/duckdb, 0x0001): tried: '/Users/stephen/Downloads/ParquetBenchmarks 2/bin/Release/net10.0/ParquetBenchmarks-Job-OIFEUM-1/bin/Release/net10.0/runtimes/osx-arm64/native/duckdb' (no such file), '/System/Volumes/Preboot/Cryptexes/OS/Users/stephen/Downloads/ParquetBenchmarks 2/bin/Release/net10.0/ParquetBenchmarks-Job-OIFEUM-1/bin/Release/net10.0/runtimes/osx-arm64/native/duckdb' (no such file), '/Users/stephen/Downloads/ParquetBenchmarks 2/bin/Release/net10.0/ParquetBenchmarks-Job-OIFEUM-1/bin/Release/net10.0/runtimes/osx-arm64/native/duckdb' (no such file)
dlopen(/usr/local/share/dotnet/shared/Microsoft.NETCore.App/10.0.5/duckdb, 0x0001): tried: '/usr/local/share/dotnet/shared/Microsoft.NETCore.App/10.0.5/duckdb' (no such file), '/System/Volumes/Preboot/Cryptexes/OS/usr/local/share/dotnet/shared/Microsoft.NETCore.App/10.0.5/duckdb' (no such file), '/usr/local/share/dotnet/shared/Microsoft.NETCore.App/10.0.5/duckdb' (no such file)
dlopen(/Users/stephen/Downloads/ParquetBenchmarks 2/bin/Release/net10.0/ParquetBenchmarks-Job-OIFEUM-1/bin/Release/net10.0/duckdb, 0x0001): tried: '/Users/stephen/Downloads/ParquetBenchmarks 2/bin/Release/net10.0/ParquetBenchmarks-Job-OIFEUM-1/bin/Release/net10.0/duckdb' (no such file), '/System/Volumes/Preboot/Cryptexes/OS/Users/stephen/Downloads/ParquetBenchmarks 2/bin/Release/net10.0/ParquetBenchmarks-Job-OIFEUM-1/bin/Release/net10.0/duckdb' (no such file), '/Users/stephen/Downloads/ParquetBenchmarks 2/bin/Release/net10.0/ParquetBenchmarks-Job-OIFEUM-1/bin/Release/net10.0/duckdb' (no such file)
dlopen(duckdb, 0x0001): tried: 'duckdb' (no such file), '/System/Volumes/Preboot/Cryptexes/OSduckdb' (no such file), '/usr/lib/duckdb' (no such file, not in dyld cache), 'duckdb' (no such file)
dlopen(/Users/stephen/Downloads/ParquetBenchmarks 2/bin/Release/net10.0/ParquetBenchmarks-Job-OIFEUM-1/bin/Release/net10.0/runtimes/osx-arm64/native/libduckdb, 0x0001): tried: '/Users/stephen/Downloads/ParquetBenchmarks 2/bin/Release/net10.0/ParquetBenchmarks-Job-OIFEUM-1/bin/Release/net10.0/runtimes/osx-arm64/native/libduckdb' (no such file), '/System/Volumes/Preboot/Cryptexes/OS/Users/stephen/Downloads/ParquetBenchmarks 2/bin/Release/net10.0/ParquetBenchmarks-Job-OIFEUM-1/bin/Release/net10.0/runtimes/osx-arm64/native/libduckdb' (no such file), '/Users/stephen/Downloads/ParquetBenchmarks 2/bin/Release/net10.0/ParquetBenchmarks-Job-OIFEUM-1/bin/Release/net10.0/runtimes/osx-arm64/native/libduckdb' (no such file)
dlopen(/usr/local/share/dotnet/shared/Microsoft.NETCore.App/10.0.5/libduckdb, 0x0001): tried: '/usr/local/share/dotnet/shared/Microsoft.NETCore.App/10.0.5/libduckdb' (no such file), '/System/Volumes/Preboot/Cryptexes/OS/usr/local/share/dotnet/shared/Microsoft.NETCore.App/10.0.5/libduckdb' (no such file), '/usr/local/share/dotnet/shared/Microsoft.NETCore.App/10.0.5/libduckdb' (no such file)
dlopen(/Users/stephen/Downloads/ParquetBenchmarks 2/bin/Release/net10.0/ParquetBenchmarks-Job-OIFEUM-1/bin/Release/net10.0/libduckdb, 0x0001): tried: '/Users/stephen/Downloads/ParquetBenchmarks 2/bin/Release/net10.0/ParquetBenchmarks-Job-OIFEUM-1/bin/Release/net10.0/libduckdb' (no such file), '/System/Volumes/Preboot/Cryptexes/OS/Users/stephen/Downloads/ParquetBenchmarks 2/bin/Release/net10.0/ParquetBenchmarks-Job-OIFEUM-1/bin/Release/net10.0/libduckdb' (no such file), '/Users/stephen/Downloads/ParquetBenchmarks 2/bin/Release/net10.0/ParquetBenchmarks-Job-OIFEUM-1/bin/Release/net10.0/libduckdb' (no such file)
dlopen(libduckdb, 0x0001): tried: 'libduckdb' (no such file), '/System/Volumes/Preboot/Cryptexes/OSlibduckdb' (no such file), '/usr/lib/libduckdb' (no such file, not in dyld cache), 'libduckdb' (no such file)

   at DuckDB.NET.Data.DuckDBConnectionStringBuilder..cctor()
   at DuckDB.NET.Data.DuckDBConnectionStringBuilder.Parse(String connectionString)
   at DuckDB.NET.Data.DuckDBConnection.get_ParsedConnection()
   at DuckDB.NET.Data.DuckDBConnection.Open()
   at ParquetBenchmarks.Benchmarks.ReadBenchmarks.Setup() in /Users/stephen/Downloads/ParquetBenchmarks 2/Benchmarks/ReadBenchmarks.cs:line 46
   at BenchmarkDotNet.Helpers.AwaitHelper.GetResult(Task task)
   at BenchmarkDotNet.Autogenerated.Runnable_0.<.ctor>b__3_0() in /Users/stephen/Downloads/ParquetBenchmarks 2/bin/Release/net10.0/ParquetBenchmarks-Job-OIFEUM-1/ParquetBenchmarks-Job-OIFEUM-1.notcs:line 193
   at BenchmarkDotNet.Engines.EngineFactory.CreateReadyToRun(EngineParameters engineParameters)
   at BenchmarkDotNet.Autogenerated.Runnable_0.Run(IHost host, String benchmarkName) in /Users/stephen/Downloads/ParquetBenchmarks 2/bin/Release/net10.0/ParquetBenchmarks-Job-OIFEUM-1/ParquetBenchmarks-Job-OIFEUM-1.notcs:line 177
   at System.Reflection.MethodBaseInvoker.InterpretedInvoke_Method(Object obj, IntPtr* args)
   at System.Reflection.MethodBaseInvoker.InvokeDirectByRefWithFewArgs(Object obj, Span`1 copyOfArgs, BindingFlags invokeAttr)
   --- End of inner exception stack trace ---
   at System.Reflection.MethodBaseInvoker.InvokeDirectByRefWithFewArgs(Object obj, Span`1 copyOfArgs, BindingFlags invokeAttr)
   at System.Reflection.MethodBaseInvoker.InvokeWithFewArgs(Object obj, BindingFlags invokeAttr, Binder binder, Object[] parameters, CultureInfo culture)
   at System.Reflection.RuntimeMethodInfo.Invoke(Object obj, BindingFlags invokeAttr, Binder binder, Object[] parameters, CultureInfo culture)
   at BenchmarkDotNet.Autogenerated.UniqueProgramName.AfterAssemblyLoadingAttached(String[] args) in /Users/stephen/Downloads/ParquetBenchmarks 2/bin/Release/net10.0/ParquetBenchmarks-Job-OIFEUM-1/ParquetBenchmarks-Job-OIFEUM-1.notcs:line 57
// AfterAll
No Workload Results were obtained from the run.
// Benchmark Process 95577 has exited with code 255.

// ** Remained 4 (80,0 %) benchmark(s) to run. Estimated finish 2026-09-02 22:32 (0h 0m from now) **
// **************************
// Benchmark: ReadBenchmarks.ParquetSharp_Column_ReadDecode: Job-OIFEUM(Runtime=.NET 10.0, IterationCount=5, WarmupCount=2)
// *** Execute ***
// Launch: 1 / 1
// Execute: dotnet ParquetBenchmarks-Job-OIFEUM-1.dll --anonymousPipes 132 133 --benchmarkName ParquetBenchmarks.Benchmarks.ReadBenchmarks.ParquetSharp_Column_ReadDecode --job "Runtime=.NET 10.0, IterationCount=5, WarmupCount=2" --benchmarkId 1 in /Users/stephen/Downloads/ParquetBenchmarks 2/bin/Release/net10.0/ParquetBenchmarks-Job-OIFEUM-1/bin/Release/net10.0
// Failed to set up high priority (Permission denied). In order to run benchmarks with high priority, make sure you have the right permissions.
// BeforeAnythingElse

// Benchmark Process Environment Information:
// BenchmarkDotNet v0.15.8
// Runtime=.NET 10.0.5 (10.0.5, 10.0.526.15411), Arm64 RyuJIT armv8.0-a
// GC=Concurrent Workstation
// HardwareIntrinsics=ArmBase+AdvSimd,AES,CRC32,DP,RDM,SHA1,SHA256 VectorSize=128
// Job: Job-AMZPBM(IterationCount=5, WarmupCount=2)


System.Reflection.TargetInvocationException: Exception has been thrown by the target of an invocation.
 ---> System.DllNotFoundException: Unable to load shared library 'duckdb' or one of its dependencies. In order to help diagnose loading problems, consider setting the DYLD_PRINT_LIBRARIES environment variable: 
dlopen(/Users/stephen/Downloads/ParquetBenchmarks 2/bin/Release/net10.0/ParquetBenchmarks-Job-OIFEUM-1/bin/Release/net10.0/runtimes/osx-arm64/native/duckdb.dylib, 0x0001): tried: '/Users/stephen/Downloads/ParquetBenchmarks 2/bin/Release/net10.0/ParquetBenchmarks-Job-OIFEUM-1/bin/Release/net10.0/runtimes/osx-arm64/native/duckdb.dylib' (no such file), '/System/Volumes/Preboot/Cryptexes/OS/Users/stephen/Downloads/ParquetBenchmarks 2/bin/Release/net10.0/ParquetBenchmarks-Job-OIFEUM-1/bin/Release/net10.0/runtimes/osx-arm64/native/duckdb.dylib' (no such file), '/Users/stephen/Downloads/ParquetBenchmarks 2/bin/Release/net10.0/ParquetBenchmarks-Job-OIFEUM-1/bin/Release/net10.0/runtimes/osx-arm64/native/duckdb.dylib' (no such file)
dlopen(/usr/local/share/dotnet/shared/Microsoft.NETCore.App/10.0.5/duckdb.dylib, 0x0001): tried: '/usr/local/share/dotnet/shared/Microsoft.NETCore.App/10.0.5/duckdb.dylib' (no such file), '/System/Volumes/Preboot/Cryptexes/OS/usr/local/share/dotnet/shared/Microsoft.NETCore.App/10.0.5/duckdb.dylib' (no such file), '/usr/local/share/dotnet/shared/Microsoft.NETCore.App/10.0.5/duckdb.dylib' (no such file)
dlopen(/Users/stephen/Downloads/ParquetBenchmarks 2/bin/Release/net10.0/ParquetBenchmarks-Job-OIFEUM-1/bin/Release/net10.0/duckdb.dylib, 0x0001): tried: '/Users/stephen/Downloads/ParquetBenchmarks 2/bin/Release/net10.0/ParquetBenchmarks-Job-OIFEUM-1/bin/Release/net10.0/duckdb.dylib' (no such file), '/System/Volumes/Preboot/Cryptexes/OS/Users/stephen/Downloads/ParquetBenchmarks 2/bin/Release/net10.0/ParquetBenchmarks-Job-OIFEUM-1/bin/Release/net10.0/duckdb.dylib' (no such file), '/Users/stephen/Downloads/ParquetBenchmarks 2/bin/Release/net10.0/ParquetBenchmarks-Job-OIFEUM-1/bin/Release/net10.0/duckdb.dylib' (no such file)
dlopen(duckdb.dylib, 0x0001): tried: 'duckdb.dylib' (no such file), '/System/Volumes/Preboot/Cryptexes/OSduckdb.dylib' (no such file), '/usr/lib/duckdb.dylib' (no such file, not in dyld cache), 'duckdb.dylib' (no such file)
dlopen(/Users/stephen/Downloads/ParquetBenchmarks 2/bin/Release/net10.0/ParquetBenchmarks-Job-OIFEUM-1/bin/Release/net10.0/runtimes/osx-arm64/native/libduckdb.dylib, 0x0001): tried: '/Users/stephen/Downloads/ParquetBenchmarks 2/bin/Release/net10.0/ParquetBenchmarks-Job-OIFEUM-1/bin/Release/net10.0/runtimes/osx-arm64/native/libduckdb.dylib' (no such file), '/System/Volumes/Preboot/Cryptexes/OS/Users/stephen/Downloads/ParquetBenchmarks 2/bin/Release/net10.0/ParquetBenchmarks-Job-OIFEUM-1/bin/Release/net10.0/runtimes/osx-arm64/native/libduckdb.dylib' (no such file), '/Users/stephen/Downloads/ParquetBenchmarks 2/bin/Release/net10.0/ParquetBenchmarks-Job-OIFEUM-1/bin/Release/net10.0/runtimes/osx-arm64/native/libduckdb.dylib' (no such file)
dlopen(/usr/local/share/dotnet/shared/Microsoft.NETCore.App/10.0.5/libduckdb.dylib, 0x0001): tried: '/usr/local/share/dotnet/shared/Microsoft.NETCore.App/10.0.5/libduckdb.dylib' (no such file), '/System/Volumes/Preboot/Cryptexes/OS/usr/local/share/dotnet/shared/Microsoft.NETCore.App/10.0.5/libduckdb.dylib' (no such file), '/usr/local/share/dotnet/shared/Microsoft.NETCore.App/10.0.5/libduckdb.dylib' (no such file)
dlopen(/Users/stephen/Downloads/ParquetBenchmarks 2/bin/Release/net10.0/ParquetBenchmarks-Job-OIFEUM-1/bin/Release/net10.0/libduckdb.dylib, 0x0001): tried: '/Users/stephen/Downloads/ParquetBenchmarks 2/bin/Release/net10.0/ParquetBenchmarks-Job-OIFEUM-1/bin/Release/net10.0/libduckdb.dylib' (no such file), '/System/Volumes/Preboot/Cryptexes/OS/Users/stephen/Downloads/ParquetBenchmarks 2/bin/Release/net10.0/ParquetBenchmarks-Job-OIFEUM-1/bin/Release/net10.0/libduckdb.dylib' (no such file), '/Users/stephen/Downloads/ParquetBenchmarks 2/bin/Release/net10.0/ParquetBenchmarks-Job-OIFEUM-1/bin/Release/net10.0/libduckdb.dylib' (no such file)
dlopen(libduckdb.dylib, 0x0001): tried: 'libduckdb.dylib' (no such file), '/System/Volumes/Preboot/Cryptexes/OSlibduckdb.dylib' (no such file), '/usr/lib/libduckdb.dylib' (no such file, not in dyld cache), 'libduckdb.dylib' (no such file)
dlopen(/Users/stephen/Downloads/ParquetBenchmarks 2/bin/Release/net10.0/ParquetBenchmarks-Job-OIFEUM-1/bin/Release/net10.0/runtimes/osx-arm64/native/duckdb, 0x0001): tried: '/Users/stephen/Downloads/ParquetBenchmarks 2/bin/Release/net10.0/ParquetBenchmarks-Job-OIFEUM-1/bin/Release/net10.0/runtimes/osx-arm64/native/duckdb' (no such file), '/System/Volumes/Preboot/Cryptexes/OS/Users/stephen/Downloads/ParquetBenchmarks 2/bin/Release/net10.0/ParquetBenchmarks-Job-OIFEUM-1/bin/Release/net10.0/runtimes/osx-arm64/native/duckdb' (no such file), '/Users/stephen/Downloads/ParquetBenchmarks 2/bin/Release/net10.0/ParquetBenchmarks-Job-OIFEUM-1/bin/Release/net10.0/runtimes/osx-arm64/native/duckdb' (no such file)
dlopen(/usr/local/share/dotnet/shared/Microsoft.NETCore.App/10.0.5/duckdb, 0x0001): tried: '/usr/local/share/dotnet/shared/Microsoft.NETCore.App/10.0.5/duckdb' (no such file), '/System/Volumes/Preboot/Cryptexes/OS/usr/local/share/dotnet/shared/Microsoft.NETCore.App/10.0.5/duckdb' (no such file), '/usr/local/share/dotnet/shared/Microsoft.NETCore.App/10.0.5/duckdb' (no such file)
dlopen(/Users/stephen/Downloads/ParquetBenchmarks 2/bin/Release/net10.0/ParquetBenchmarks-Job-OIFEUM-1/bin/Release/net10.0/duckdb, 0x0001): tried: '/Users/stephen/Downloads/ParquetBenchmarks 2/bin/Release/net10.0/ParquetBenchmarks-Job-OIFEUM-1/bin/Release/net10.0/duckdb' (no such file), '/System/Volumes/Preboot/Cryptexes/OS/Users/stephen/Downloads/ParquetBenchmarks 2/bin/Release/net10.0/ParquetBenchmarks-Job-OIFEUM-1/bin/Release/net10.0/duckdb' (no such file), '/Users/stephen/Downloads/ParquetBenchmarks 2/bin/Release/net10.0/ParquetBenchmarks-Job-OIFEUM-1/bin/Release/net10.0/duckdb' (no such file)
dlopen(duckdb, 0x0001): tried: 'duckdb' (no such file), '/System/Volumes/Preboot/Cryptexes/OSduckdb' (no such file), '/usr/lib/duckdb' (no such file, not in dyld cache), 'duckdb' (no such file)
dlopen(/Users/stephen/Downloads/ParquetBenchmarks 2/bin/Release/net10.0/ParquetBenchmarks-Job-OIFEUM-1/bin/Release/net10.0/runtimes/osx-arm64/native/libduckdb, 0x0001): tried: '/Users/stephen/Downloads/ParquetBenchmarks 2/bin/Release/net10.0/ParquetBenchmarks-Job-OIFEUM-1/bin/Release/net10.0/runtimes/osx-arm64/native/libduckdb' (no such file), '/System/Volumes/Preboot/Cryptexes/OS/Users/stephen/Downloads/ParquetBenchmarks 2/bin/Release/net10.0/ParquetBenchmarks-Job-OIFEUM-1/bin/Release/net10.0/runtimes/osx-arm64/native/libduckdb' (no such file), '/Users/stephen/Downloads/ParquetBenchmarks 2/bin/Release/net10.0/ParquetBenchmarks-Job-OIFEUM-1/bin/Release/net10.0/runtimes/osx-arm64/native/libduckdb' (no such file)
dlopen(/usr/local/share/dotnet/shared/Microsoft.NETCore.App/10.0.5/libduckdb, 0x0001): tried: '/usr/local/share/dotnet/shared/Microsoft.NETCore.App/10.0.5/libduckdb' (no such file), '/System/Volumes/Preboot/Cryptexes/OS/usr/local/share/dotnet/shared/Microsoft.NETCore.App/10.0.5/libduckdb' (no such file), '/usr/local/share/dotnet/shared/Microsoft.NETCore.App/10.0.5/libduckdb' (no such file)
dlopen(/Users/stephen/Downloads/ParquetBenchmarks 2/bin/Release/net10.0/ParquetBenchmarks-Job-OIFEUM-1/bin/Release/net10.0/libduckdb, 0x0001): tried: '/Users/stephen/Downloads/ParquetBenchmarks 2/bin/Release/net10.0/ParquetBenchmarks-Job-OIFEUM-1/bin/Release/net10.0/libduckdb' (no such file), '/System/Volumes/Preboot/Cryptexes/OS/Users/stephen/Downloads/ParquetBenchmarks 2/bin/Release/net10.0/ParquetBenchmarks-Job-OIFEUM-1/bin/Release/net10.0/libduckdb' (no such file), '/Users/stephen/Downloads/ParquetBenchmarks 2/bin/Release/net10.0/ParquetBenchmarks-Job-OIFEUM-1/bin/Release/net10.0/libduckdb' (no such file)
dlopen(libduckdb, 0x0001): tried: 'libduckdb' (no such file), '/System/Volumes/Preboot/Cryptexes/OSlibduckdb' (no such file), '/usr/lib/libduckdb' (no such file, not in dyld cache), 'libduckdb' (no such file)

   at DuckDB.NET.Data.DuckDBConnectionStringBuilder..cctor()
   at DuckDB.NET.Data.DuckDBConnectionStringBuilder.Parse(String connectionString)
   at DuckDB.NET.Data.DuckDBConnection.get_ParsedConnection()
   at DuckDB.NET.Data.DuckDBConnection.Open()
   at ParquetBenchmarks.Benchmarks.ReadBenchmarks.Setup() in /Users/stephen/Downloads/ParquetBenchmarks 2/Benchmarks/ReadBenchmarks.cs:line 46
   at BenchmarkDotNet.Helpers.AwaitHelper.GetResult(Task task)
   at BenchmarkDotNet.Autogenerated.Runnable_1.<.ctor>b__3_0() in /Users/stephen/Downloads/ParquetBenchmarks 2/bin/Release/net10.0/ParquetBenchmarks-Job-OIFEUM-1/ParquetBenchmarks-Job-OIFEUM-1.notcs:line 391
   at BenchmarkDotNet.Engines.EngineFactory.CreateReadyToRun(EngineParameters engineParameters)
   at BenchmarkDotNet.Autogenerated.Runnable_1.Run(IHost host, String benchmarkName) in /Users/stephen/Downloads/ParquetBenchmarks 2/bin/Release/net10.0/ParquetBenchmarks-Job-OIFEUM-1/ParquetBenchmarks-Job-OIFEUM-1.notcs:line 375
   at System.Reflection.MethodBaseInvoker.InterpretedInvoke_Method(Object obj, IntPtr* args)
   at System.Reflection.MethodBaseInvoker.InvokeDirectByRefWithFewArgs(Object obj, Span`1 copyOfArgs, BindingFlags invokeAttr)
   --- End of inner exception stack trace ---
   at System.Reflection.MethodBaseInvoker.InvokeDirectByRefWithFewArgs(Object obj, Span`1 copyOfArgs, BindingFlags invokeAttr)
   at System.Reflection.MethodBaseInvoker.InvokeWithFewArgs(Object obj, BindingFlags invokeAttr, Binder binder, Object[] parameters, CultureInfo culture)
   at System.Reflection.RuntimeMethodInfo.Invoke(Object obj, BindingFlags invokeAttr, Binder binder, Object[] parameters, CultureInfo culture)
   at BenchmarkDotNet.Autogenerated.UniqueProgramName.AfterAssemblyLoadingAttached(String[] args) in /Users/stephen/Downloads/ParquetBenchmarks 2/bin/Release/net10.0/ParquetBenchmarks-Job-OIFEUM-1/ParquetBenchmarks-Job-OIFEUM-1.notcs:line 57
// AfterAll
No Workload Results were obtained from the run.
// Benchmark Process 95580 has exited with code 255.

// ** Remained 3 (60,0 %) benchmark(s) to run. Estimated finish 2026-09-02 22:32 (0h 0m from now) **
// **************************
// Benchmark: ReadBenchmarks.ParquetSharp_Arrow_ReadDecode: Job-OIFEUM(Runtime=.NET 10.0, IterationCount=5, WarmupCount=2)
// *** Execute ***
// Launch: 1 / 1
// Execute: dotnet ParquetBenchmarks-Job-OIFEUM-1.dll --anonymousPipes 132 133 --benchmarkName ParquetBenchmarks.Benchmarks.ReadBenchmarks.ParquetSharp_Arrow_ReadDecode --job "Runtime=.NET 10.0, IterationCount=5, WarmupCount=2" --benchmarkId 2 in /Users/stephen/Downloads/ParquetBenchmarks 2/bin/Release/net10.0/ParquetBenchmarks-Job-OIFEUM-1/bin/Release/net10.0
// Failed to set up high priority (Permission denied). In order to run benchmarks with high priority, make sure you have the right permissions.
// BeforeAnythingElse

// Benchmark Process Environment Information:
// BenchmarkDotNet v0.15.8
// Runtime=.NET 10.0.5 (10.0.5, 10.0.526.15411), Arm64 RyuJIT armv8.0-a
// GC=Concurrent Workstation
// HardwareIntrinsics=ArmBase+AdvSimd,AES,CRC32,DP,RDM,SHA1,SHA256 VectorSize=128
// Job: Job-AMZPBM(IterationCount=5, WarmupCount=2)


System.Reflection.TargetInvocationException: Exception has been thrown by the target of an invocation.
 ---> System.DllNotFoundException: Unable to load shared library 'duckdb' or one of its dependencies. In order to help diagnose loading problems, consider setting the DYLD_PRINT_LIBRARIES environment variable: 
dlopen(/Users/stephen/Downloads/ParquetBenchmarks 2/bin/Release/net10.0/ParquetBenchmarks-Job-OIFEUM-1/bin/Release/net10.0/runtimes/osx-arm64/native/duckdb.dylib, 0x0001): tried: '/Users/stephen/Downloads/ParquetBenchmarks 2/bin/Release/net10.0/ParquetBenchmarks-Job-OIFEUM-1/bin/Release/net10.0/runtimes/osx-arm64/native/duckdb.dylib' (no such file), '/System/Volumes/Preboot/Cryptexes/OS/Users/stephen/Downloads/ParquetBenchmarks 2/bin/Release/net10.0/ParquetBenchmarks-Job-OIFEUM-1/bin/Release/net10.0/runtimes/osx-arm64/native/duckdb.dylib' (no such file), '/Users/stephen/Downloads/ParquetBenchmarks 2/bin/Release/net10.0/ParquetBenchmarks-Job-OIFEUM-1/bin/Release/net10.0/runtimes/osx-arm64/native/duckdb.dylib' (no such file)
dlopen(/usr/local/share/dotnet/shared/Microsoft.NETCore.App/10.0.5/duckdb.dylib, 0x0001): tried: '/usr/local/share/dotnet/shared/Microsoft.NETCore.App/10.0.5/duckdb.dylib' (no such file), '/System/Volumes/Preboot/Cryptexes/OS/usr/local/share/dotnet/shared/Microsoft.NETCore.App/10.0.5/duckdb.dylib' (no such file), '/usr/local/share/dotnet/shared/Microsoft.NETCore.App/10.0.5/duckdb.dylib' (no such file)
dlopen(/Users/stephen/Downloads/ParquetBenchmarks 2/bin/Release/net10.0/ParquetBenchmarks-Job-OIFEUM-1/bin/Release/net10.0/duckdb.dylib, 0x0001): tried: '/Users/stephen/Downloads/ParquetBenchmarks 2/bin/Release/net10.0/ParquetBenchmarks-Job-OIFEUM-1/bin/Release/net10.0/duckdb.dylib' (no such file), '/System/Volumes/Preboot/Cryptexes/OS/Users/stephen/Downloads/ParquetBenchmarks 2/bin/Release/net10.0/ParquetBenchmarks-Job-OIFEUM-1/bin/Release/net10.0/duckdb.dylib' (no such file), '/Users/stephen/Downloads/ParquetBenchmarks 2/bin/Release/net10.0/ParquetBenchmarks-Job-OIFEUM-1/bin/Release/net10.0/duckdb.dylib' (no such file)
dlopen(duckdb.dylib, 0x0001): tried: 'duckdb.dylib' (no such file), '/System/Volumes/Preboot/Cryptexes/OSduckdb.dylib' (no such file), '/usr/lib/duckdb.dylib' (no such file, not in dyld cache), 'duckdb.dylib' (no such file)
dlopen(/Users/stephen/Downloads/ParquetBenchmarks 2/bin/Release/net10.0/ParquetBenchmarks-Job-OIFEUM-1/bin/Release/net10.0/runtimes/osx-arm64/native/libduckdb.dylib, 0x0001): tried: '/Users/stephen/Downloads/ParquetBenchmarks 2/bin/Release/net10.0/ParquetBenchmarks-Job-OIFEUM-1/bin/Release/net10.0/runtimes/osx-arm64/native/libduckdb.dylib' (no such file), '/System/Volumes/Preboot/Cryptexes/OS/Users/stephen/Downloads/ParquetBenchmarks 2/bin/Release/net10.0/ParquetBenchmarks-Job-OIFEUM-1/bin/Release/net10.0/runtimes/osx-arm64/native/libduckdb.dylib' (no such file), '/Users/stephen/Downloads/ParquetBenchmarks 2/bin/Release/net10.0/ParquetBenchmarks-Job-OIFEUM-1/bin/Release/net10.0/runtimes/osx-arm64/native/libduckdb.dylib' (no such file)
dlopen(/usr/local/share/dotnet/shared/Microsoft.NETCore.App/10.0.5/libduckdb.dylib, 0x0001): tried: '/usr/local/share/dotnet/shared/Microsoft.NETCore.App/10.0.5/libduckdb.dylib' (no such file), '/System/Volumes/Preboot/Cryptexes/OS/usr/local/share/dotnet/shared/Microsoft.NETCore.App/10.0.5/libduckdb.dylib' (no such file), '/usr/local/share/dotnet/shared/Microsoft.NETCore.App/10.0.5/libduckdb.dylib' (no such file)
dlopen(/Users/stephen/Downloads/ParquetBenchmarks 2/bin/Release/net10.0/ParquetBenchmarks-Job-OIFEUM-1/bin/Release/net10.0/libduckdb.dylib, 0x0001): tried: '/Users/stephen/Downloads/ParquetBenchmarks 2/bin/Release/net10.0/ParquetBenchmarks-Job-OIFEUM-1/bin/Release/net10.0/libduckdb.dylib' (no such file), '/System/Volumes/Preboot/Cryptexes/OS/Users/stephen/Downloads/ParquetBenchmarks 2/bin/Release/net10.0/ParquetBenchmarks-Job-OIFEUM-1/bin/Release/net10.0/libduckdb.dylib' (no such file), '/Users/stephen/Downloads/ParquetBenchmarks 2/bin/Release/net10.0/ParquetBenchmarks-Job-OIFEUM-1/bin/Release/net10.0/libduckdb.dylib' (no such file)
dlopen(libduckdb.dylib, 0x0001): tried: 'libduckdb.dylib' (no such file), '/System/Volumes/Preboot/Cryptexes/OSlibduckdb.dylib' (no such file), '/usr/lib/libduckdb.dylib' (no such file, not in dyld cache), 'libduckdb.dylib' (no such file)
dlopen(/Users/stephen/Downloads/ParquetBenchmarks 2/bin/Release/net10.0/ParquetBenchmarks-Job-OIFEUM-1/bin/Release/net10.0/runtimes/osx-arm64/native/duckdb, 0x0001): tried: '/Users/stephen/Downloads/ParquetBenchmarks 2/bin/Release/net10.0/ParquetBenchmarks-Job-OIFEUM-1/bin/Release/net10.0/runtimes/osx-arm64/native/duckdb' (no such file), '/System/Volumes/Preboot/Cryptexes/OS/Users/stephen/Downloads/ParquetBenchmarks 2/bin/Release/net10.0/ParquetBenchmarks-Job-OIFEUM-1/bin/Release/net10.0/runtimes/osx-arm64/native/duckdb' (no such file), '/Users/stephen/Downloads/ParquetBenchmarks 2/bin/Release/net10.0/ParquetBenchmarks-Job-OIFEUM-1/bin/Release/net10.0/runtimes/osx-arm64/native/duckdb' (no such file)
dlopen(/usr/local/share/dotnet/shared/Microsoft.NETCore.App/10.0.5/duckdb, 0x0001): tried: '/usr/local/share/dotnet/shared/Microsoft.NETCore.App/10.0.5/duckdb' (no such file), '/System/Volumes/Preboot/Cryptexes/OS/usr/local/share/dotnet/shared/Microsoft.NETCore.App/10.0.5/duckdb' (no such file), '/usr/local/share/dotnet/shared/Microsoft.NETCore.App/10.0.5/duckdb' (no such file)
dlopen(/Users/stephen/Downloads/ParquetBenchmarks 2/bin/Release/net10.0/ParquetBenchmarks-Job-OIFEUM-1/bin/Release/net10.0/duckdb, 0x0001): tried: '/Users/stephen/Downloads/ParquetBenchmarks 2/bin/Release/net10.0/ParquetBenchmarks-Job-OIFEUM-1/bin/Release/net10.0/duckdb' (no such file), '/System/Volumes/Preboot/Cryptexes/OS/Users/stephen/Downloads/ParquetBenchmarks 2/bin/Release/net10.0/ParquetBenchmarks-Job-OIFEUM-1/bin/Release/net10.0/duckdb' (no such file), '/Users/stephen/Downloads/ParquetBenchmarks 2/bin/Release/net10.0/ParquetBenchmarks-Job-OIFEUM-1/bin/Release/net10.0/duckdb' (no such file)
dlopen(duckdb, 0x0001): tried: 'duckdb' (no such file), '/System/Volumes/Preboot/Cryptexes/OSduckdb' (no such file), '/usr/lib/duckdb' (no such file, not in dyld cache), 'duckdb' (no such file)
dlopen(/Users/stephen/Downloads/ParquetBenchmarks 2/bin/Release/net10.0/ParquetBenchmarks-Job-OIFEUM-1/bin/Release/net10.0/runtimes/osx-arm64/native/libduckdb, 0x0001): tried: '/Users/stephen/Downloads/ParquetBenchmarks 2/bin/Release/net10.0/ParquetBenchmarks-Job-OIFEUM-1/bin/Release/net10.0/runtimes/osx-arm64/native/libduckdb' (no such file), '/System/Volumes/Preboot/Cryptexes/OS/Users/stephen/Downloads/ParquetBenchmarks 2/bin/Release/net10.0/ParquetBenchmarks-Job-OIFEUM-1/bin/Release/net10.0/runtimes/osx-arm64/native/libduckdb' (no such file), '/Users/stephen/Downloads/ParquetBenchmarks 2/bin/Release/net10.0/ParquetBenchmarks-Job-OIFEUM-1/bin/Release/net10.0/runtimes/osx-arm64/native/libduckdb' (no such file)
dlopen(/usr/local/share/dotnet/shared/Microsoft.NETCore.App/10.0.5/libduckdb, 0x0001): tried: '/usr/local/share/dotnet/shared/Microsoft.NETCore.App/10.0.5/libduckdb' (no such file), '/System/Volumes/Preboot/Cryptexes/OS/usr/local/share/dotnet/shared/Microsoft.NETCore.App/10.0.5/libduckdb' (no such file), '/usr/local/share/dotnet/shared/Microsoft.NETCore.App/10.0.5/libduckdb' (no such file)
dlopen(/Users/stephen/Downloads/ParquetBenchmarks 2/bin/Release/net10.0/ParquetBenchmarks-Job-OIFEUM-1/bin/Release/net10.0/libduckdb, 0x0001): tried: '/Users/stephen/Downloads/ParquetBenchmarks 2/bin/Release/net10.0/ParquetBenchmarks-Job-OIFEUM-1/bin/Release/net10.0/libduckdb' (no such file), '/System/Volumes/Preboot/Cryptexes/OS/Users/stephen/Downloads/ParquetBenchmarks 2/bin/Release/net10.0/ParquetBenchmarks-Job-OIFEUM-1/bin/Release/net10.0/libduckdb' (no such file), '/Users/stephen/Downloads/ParquetBenchmarks 2/bin/Release/net10.0/ParquetBenchmarks-Job-OIFEUM-1/bin/Release/net10.0/libduckdb' (no such file)
dlopen(libduckdb, 0x0001): tried: 'libduckdb' (no such file), '/System/Volumes/Preboot/Cryptexes/OSlibduckdb' (no such file), '/usr/lib/libduckdb' (no such file, not in dyld cache), 'libduckdb' (no such file)

   at DuckDB.NET.Data.DuckDBConnectionStringBuilder..cctor()
   at DuckDB.NET.Data.DuckDBConnectionStringBuilder.Parse(String connectionString)
   at DuckDB.NET.Data.DuckDBConnection.get_ParsedConnection()
   at DuckDB.NET.Data.DuckDBConnection.Open()
   at ParquetBenchmarks.Benchmarks.ReadBenchmarks.Setup() in /Users/stephen/Downloads/ParquetBenchmarks 2/Benchmarks/ReadBenchmarks.cs:line 46
   at BenchmarkDotNet.Helpers.AwaitHelper.GetResult(Task task)
   at BenchmarkDotNet.Autogenerated.Runnable_2.<.ctor>b__3_0() in /Users/stephen/Downloads/ParquetBenchmarks 2/bin/Release/net10.0/ParquetBenchmarks-Job-OIFEUM-1/ParquetBenchmarks-Job-OIFEUM-1.notcs:line 589
   at BenchmarkDotNet.Engines.EngineFactory.CreateReadyToRun(EngineParameters engineParameters)
   at BenchmarkDotNet.Autogenerated.Runnable_2.Run(IHost host, String benchmarkName) in /Users/stephen/Downloads/ParquetBenchmarks 2/bin/Release/net10.0/ParquetBenchmarks-Job-OIFEUM-1/ParquetBenchmarks-Job-OIFEUM-1.notcs:line 573
   at System.Reflection.MethodBaseInvoker.InterpretedInvoke_Method(Object obj, IntPtr* args)
   at System.Reflection.MethodBaseInvoker.InvokeDirectByRefWithFewArgs(Object obj, Span`1 copyOfArgs, BindingFlags invokeAttr)
   --- End of inner exception stack trace ---
   at System.Reflection.MethodBaseInvoker.InvokeDirectByRefWithFewArgs(Object obj, Span`1 copyOfArgs, BindingFlags invokeAttr)
   at System.Reflection.MethodBaseInvoker.InvokeWithFewArgs(Object obj, BindingFlags invokeAttr, Binder binder, Object[] parameters, CultureInfo culture)
   at System.Reflection.RuntimeMethodInfo.Invoke(Object obj, BindingFlags invokeAttr, Binder binder, Object[] parameters, CultureInfo culture)
   at BenchmarkDotNet.Autogenerated.UniqueProgramName.AfterAssemblyLoadingAttached(String[] args) in /Users/stephen/Downloads/ParquetBenchmarks 2/bin/Release/net10.0/ParquetBenchmarks-Job-OIFEUM-1/ParquetBenchmarks-Job-OIFEUM-1.notcs:line 57
// AfterAll
No Workload Results were obtained from the run.
// Benchmark Process 95581 has exited with code 255.

// ** Remained 2 (40,0 %) benchmark(s) to run. Estimated finish 2026-09-02 22:32 (0h 0m from now) **
// **************************
// Benchmark: ReadBenchmarks.DuckDb_AdoNet_ReadDecode: Job-OIFEUM(Runtime=.NET 10.0, IterationCount=5, WarmupCount=2)
// *** Execute ***
// Launch: 1 / 1
// Execute: dotnet ParquetBenchmarks-Job-OIFEUM-1.dll --anonymousPipes 132 133 --benchmarkName ParquetBenchmarks.Benchmarks.ReadBenchmarks.DuckDb_AdoNet_ReadDecode --job "Runtime=.NET 10.0, IterationCount=5, WarmupCount=2" --benchmarkId 3 in /Users/stephen/Downloads/ParquetBenchmarks 2/bin/Release/net10.0/ParquetBenchmarks-Job-OIFEUM-1/bin/Release/net10.0
// Failed to set up high priority (Permission denied). In order to run benchmarks with high priority, make sure you have the right permissions.
// BeforeAnythingElse

// Benchmark Process Environment Information:
// BenchmarkDotNet v0.15.8
// Runtime=.NET 10.0.5 (10.0.5, 10.0.526.15411), Arm64 RyuJIT armv8.0-a
// GC=Concurrent Workstation
// HardwareIntrinsics=ArmBase+AdvSimd,AES,CRC32,DP,RDM,SHA1,SHA256 VectorSize=128
// Job: Job-AMZPBM(IterationCount=5, WarmupCount=2)


System.Reflection.TargetInvocationException: Exception has been thrown by the target of an invocation.
 ---> System.DllNotFoundException: Unable to load shared library 'duckdb' or one of its dependencies. In order to help diagnose loading problems, consider setting the DYLD_PRINT_LIBRARIES environment variable: 
dlopen(/Users/stephen/Downloads/ParquetBenchmarks 2/bin/Release/net10.0/ParquetBenchmarks-Job-OIFEUM-1/bin/Release/net10.0/runtimes/osx-arm64/native/duckdb.dylib, 0x0001): tried: '/Users/stephen/Downloads/ParquetBenchmarks 2/bin/Release/net10.0/ParquetBenchmarks-Job-OIFEUM-1/bin/Release/net10.0/runtimes/osx-arm64/native/duckdb.dylib' (no such file), '/System/Volumes/Preboot/Cryptexes/OS/Users/stephen/Downloads/ParquetBenchmarks 2/bin/Release/net10.0/ParquetBenchmarks-Job-OIFEUM-1/bin/Release/net10.0/runtimes/osx-arm64/native/duckdb.dylib' (no such file), '/Users/stephen/Downloads/ParquetBenchmarks 2/bin/Release/net10.0/ParquetBenchmarks-Job-OIFEUM-1/bin/Release/net10.0/runtimes/osx-arm64/native/duckdb.dylib' (no such file)
dlopen(/usr/local/share/dotnet/shared/Microsoft.NETCore.App/10.0.5/duckdb.dylib, 0x0001): tried: '/usr/local/share/dotnet/shared/Microsoft.NETCore.App/10.0.5/duckdb.dylib' (no such file), '/System/Volumes/Preboot/Cryptexes/OS/usr/local/share/dotnet/shared/Microsoft.NETCore.App/10.0.5/duckdb.dylib' (no such file), '/usr/local/share/dotnet/shared/Microsoft.NETCore.App/10.0.5/duckdb.dylib' (no such file)
dlopen(/Users/stephen/Downloads/ParquetBenchmarks 2/bin/Release/net10.0/ParquetBenchmarks-Job-OIFEUM-1/bin/Release/net10.0/duckdb.dylib, 0x0001): tried: '/Users/stephen/Downloads/ParquetBenchmarks 2/bin/Release/net10.0/ParquetBenchmarks-Job-OIFEUM-1/bin/Release/net10.0/duckdb.dylib' (no such file), '/System/Volumes/Preboot/Cryptexes/OS/Users/stephen/Downloads/ParquetBenchmarks 2/bin/Release/net10.0/ParquetBenchmarks-Job-OIFEUM-1/bin/Release/net10.0/duckdb.dylib' (no such file), '/Users/stephen/Downloads/ParquetBenchmarks 2/bin/Release/net10.0/ParquetBenchmarks-Job-OIFEUM-1/bin/Release/net10.0/duckdb.dylib' (no such file)
dlopen(duckdb.dylib, 0x0001): tried: 'duckdb.dylib' (no such file), '/System/Volumes/Preboot/Cryptexes/OSduckdb.dylib' (no such file), '/usr/lib/duckdb.dylib' (no such file, not in dyld cache), 'duckdb.dylib' (no such file)
dlopen(/Users/stephen/Downloads/ParquetBenchmarks 2/bin/Release/net10.0/ParquetBenchmarks-Job-OIFEUM-1/bin/Release/net10.0/runtimes/osx-arm64/native/libduckdb.dylib, 0x0001): tried: '/Users/stephen/Downloads/ParquetBenchmarks 2/bin/Release/net10.0/ParquetBenchmarks-Job-OIFEUM-1/bin/Release/net10.0/runtimes/osx-arm64/native/libduckdb.dylib' (no such file), '/System/Volumes/Preboot/Cryptexes/OS/Users/stephen/Downloads/ParquetBenchmarks 2/bin/Release/net10.0/ParquetBenchmarks-Job-OIFEUM-1/bin/Release/net10.0/runtimes/osx-arm64/native/libduckdb.dylib' (no such file), '/Users/stephen/Downloads/ParquetBenchmarks 2/bin/Release/net10.0/ParquetBenchmarks-Job-OIFEUM-1/bin/Release/net10.0/runtimes/osx-arm64/native/libduckdb.dylib' (no such file)
dlopen(/usr/local/share/dotnet/shared/Microsoft.NETCore.App/10.0.5/libduckdb.dylib, 0x0001): tried: '/usr/local/share/dotnet/shared/Microsoft.NETCore.App/10.0.5/libduckdb.dylib' (no such file), '/System/Volumes/Preboot/Cryptexes/OS/usr/local/share/dotnet/shared/Microsoft.NETCore.App/10.0.5/libduckdb.dylib' (no such file), '/usr/local/share/dotnet/shared/Microsoft.NETCore.App/10.0.5/libduckdb.dylib' (no such file)
dlopen(/Users/stephen/Downloads/ParquetBenchmarks 2/bin/Release/net10.0/ParquetBenchmarks-Job-OIFEUM-1/bin/Release/net10.0/libduckdb.dylib, 0x0001): tried: '/Users/stephen/Downloads/ParquetBenchmarks 2/bin/Release/net10.0/ParquetBenchmarks-Job-OIFEUM-1/bin/Release/net10.0/libduckdb.dylib' (no such file), '/System/Volumes/Preboot/Cryptexes/OS/Users/stephen/Downloads/ParquetBenchmarks 2/bin/Release/net10.0/ParquetBenchmarks-Job-OIFEUM-1/bin/Release/net10.0/libduckdb.dylib' (no such file), '/Users/stephen/Downloads/ParquetBenchmarks 2/bin/Release/net10.0/ParquetBenchmarks-Job-OIFEUM-1/bin/Release/net10.0/libduckdb.dylib' (no such file)
dlopen(libduckdb.dylib, 0x0001): tried: 'libduckdb.dylib' (no such file), '/System/Volumes/Preboot/Cryptexes/OSlibduckdb.dylib' (no such file), '/usr/lib/libduckdb.dylib' (no such file, not in dyld cache), 'libduckdb.dylib' (no such file)
dlopen(/Users/stephen/Downloads/ParquetBenchmarks 2/bin/Release/net10.0/ParquetBenchmarks-Job-OIFEUM-1/bin/Release/net10.0/runtimes/osx-arm64/native/duckdb, 0x0001): tried: '/Users/stephen/Downloads/ParquetBenchmarks 2/bin/Release/net10.0/ParquetBenchmarks-Job-OIFEUM-1/bin/Release/net10.0/runtimes/osx-arm64/native/duckdb' (no such file), '/System/Volumes/Preboot/Cryptexes/OS/Users/stephen/Downloads/ParquetBenchmarks 2/bin/Release/net10.0/ParquetBenchmarks-Job-OIFEUM-1/bin/Release/net10.0/runtimes/osx-arm64/native/duckdb' (no such file), '/Users/stephen/Downloads/ParquetBenchmarks 2/bin/Release/net10.0/ParquetBenchmarks-Job-OIFEUM-1/bin/Release/net10.0/runtimes/osx-arm64/native/duckdb' (no such file)
dlopen(/usr/local/share/dotnet/shared/Microsoft.NETCore.App/10.0.5/duckdb, 0x0001): tried: '/usr/local/share/dotnet/shared/Microsoft.NETCore.App/10.0.5/duckdb' (no such file), '/System/Volumes/Preboot/Cryptexes/OS/usr/local/share/dotnet/shared/Microsoft.NETCore.App/10.0.5/duckdb' (no such file), '/usr/local/share/dotnet/shared/Microsoft.NETCore.App/10.0.5/duckdb' (no such file)
dlopen(/Users/stephen/Downloads/ParquetBenchmarks 2/bin/Release/net10.0/ParquetBenchmarks-Job-OIFEUM-1/bin/Release/net10.0/duckdb, 0x0001): tried: '/Users/stephen/Downloads/ParquetBenchmarks 2/bin/Release/net10.0/ParquetBenchmarks-Job-OIFEUM-1/bin/Release/net10.0/duckdb' (no such file), '/System/Volumes/Preboot/Cryptexes/OS/Users/stephen/Downloads/ParquetBenchmarks 2/bin/Release/net10.0/ParquetBenchmarks-Job-OIFEUM-1/bin/Release/net10.0/duckdb' (no such file), '/Users/stephen/Downloads/ParquetBenchmarks 2/bin/Release/net10.0/ParquetBenchmarks-Job-OIFEUM-1/bin/Release/net10.0/duckdb' (no such file)
dlopen(duckdb, 0x0001): tried: 'duckdb' (no such file), '/System/Volumes/Preboot/Cryptexes/OSduckdb' (no such file), '/usr/lib/duckdb' (no such file, not in dyld cache), 'duckdb' (no such file)
dlopen(/Users/stephen/Downloads/ParquetBenchmarks 2/bin/Release/net10.0/ParquetBenchmarks-Job-OIFEUM-1/bin/Release/net10.0/runtimes/osx-arm64/native/libduckdb, 0x0001): tried: '/Users/stephen/Downloads/ParquetBenchmarks 2/bin/Release/net10.0/ParquetBenchmarks-Job-OIFEUM-1/bin/Release/net10.0/runtimes/osx-arm64/native/libduckdb' (no such file), '/System/Volumes/Preboot/Cryptexes/OS/Users/stephen/Downloads/ParquetBenchmarks 2/bin/Release/net10.0/ParquetBenchmarks-Job-OIFEUM-1/bin/Release/net10.0/runtimes/osx-arm64/native/libduckdb' (no such file), '/Users/stephen/Downloads/ParquetBenchmarks 2/bin/Release/net10.0/ParquetBenchmarks-Job-OIFEUM-1/bin/Release/net10.0/runtimes/osx-arm64/native/libduckdb' (no such file)
dlopen(/usr/local/share/dotnet/shared/Microsoft.NETCore.App/10.0.5/libduckdb, 0x0001): tried: '/usr/local/share/dotnet/shared/Microsoft.NETCore.App/10.0.5/libduckdb' (no such file), '/System/Volumes/Preboot/Cryptexes/OS/usr/local/share/dotnet/shared/Microsoft.NETCore.App/10.0.5/libduckdb' (no such file), '/usr/local/share/dotnet/shared/Microsoft.NETCore.App/10.0.5/libduckdb' (no such file)
dlopen(/Users/stephen/Downloads/ParquetBenchmarks 2/bin/Release/net10.0/ParquetBenchmarks-Job-OIFEUM-1/bin/Release/net10.0/libduckdb, 0x0001): tried: '/Users/stephen/Downloads/ParquetBenchmarks 2/bin/Release/net10.0/ParquetBenchmarks-Job-OIFEUM-1/bin/Release/net10.0/libduckdb' (no such file), '/System/Volumes/Preboot/Cryptexes/OS/Users/stephen/Downloads/ParquetBenchmarks 2/bin/Release/net10.0/ParquetBenchmarks-Job-OIFEUM-1/bin/Release/net10.0/libduckdb' (no such file), '/Users/stephen/Downloads/ParquetBenchmarks 2/bin/Release/net10.0/ParquetBenchmarks-Job-OIFEUM-1/bin/Release/net10.0/libduckdb' (no such file)
dlopen(libduckdb, 0x0001): tried: 'libduckdb' (no such file), '/System/Volumes/Preboot/Cryptexes/OSlibduckdb' (no such file), '/usr/lib/libduckdb' (no such file, not in dyld cache), 'libduckdb' (no such file)

   at DuckDB.NET.Data.DuckDBConnectionStringBuilder..cctor()
   at DuckDB.NET.Data.DuckDBConnectionStringBuilder.Parse(String connectionString)
   at DuckDB.NET.Data.DuckDBConnection.get_ParsedConnection()
   at DuckDB.NET.Data.DuckDBConnection.Open()
   at ParquetBenchmarks.Benchmarks.ReadBenchmarks.Setup() in /Users/stephen/Downloads/ParquetBenchmarks 2/Benchmarks/ReadBenchmarks.cs:line 46
   at BenchmarkDotNet.Helpers.AwaitHelper.GetResult(Task task)
   at BenchmarkDotNet.Autogenerated.Runnable_3.<.ctor>b__3_0() in /Users/stephen/Downloads/ParquetBenchmarks 2/bin/Release/net10.0/ParquetBenchmarks-Job-OIFEUM-1/ParquetBenchmarks-Job-OIFEUM-1.notcs:line 787
   at BenchmarkDotNet.Engines.EngineFactory.CreateReadyToRun(EngineParameters engineParameters)
   at BenchmarkDotNet.Autogenerated.Runnable_3.Run(IHost host, String benchmarkName) in /Users/stephen/Downloads/ParquetBenchmarks 2/bin/Release/net10.0/ParquetBenchmarks-Job-OIFEUM-1/ParquetBenchmarks-Job-OIFEUM-1.notcs:line 771
   at System.Reflection.MethodBaseInvoker.InterpretedInvoke_Method(Object obj, IntPtr* args)
   at System.Reflection.MethodBaseInvoker.InvokeDirectByRefWithFewArgs(Object obj, Span`1 copyOfArgs, BindingFlags invokeAttr)
   --- End of inner exception stack trace ---
   at System.Reflection.MethodBaseInvoker.InvokeDirectByRefWithFewArgs(Object obj, Span`1 copyOfArgs, BindingFlags invokeAttr)
   at System.Reflection.MethodBaseInvoker.InvokeWithFewArgs(Object obj, BindingFlags invokeAttr, Binder binder, Object[] parameters, CultureInfo culture)
   at System.Reflection.RuntimeMethodInfo.Invoke(Object obj, BindingFlags invokeAttr, Binder binder, Object[] parameters, CultureInfo culture)
   at BenchmarkDotNet.Autogenerated.UniqueProgramName.AfterAssemblyLoadingAttached(String[] args) in /Users/stephen/Downloads/ParquetBenchmarks 2/bin/Release/net10.0/ParquetBenchmarks-Job-OIFEUM-1/ParquetBenchmarks-Job-OIFEUM-1.notcs:line 57
// AfterAll
No Workload Results were obtained from the run.
// Benchmark Process 95582 has exited with code 255.

// ** Remained 1 (20,0 %) benchmark(s) to run. Estimated finish 2026-09-02 22:32 (0h 0m from now) **
// **************************
// Benchmark: ReadBenchmarks.DuckDb_Dapper_ReadDecode: Job-OIFEUM(Runtime=.NET 10.0, IterationCount=5, WarmupCount=2)
// *** Execute ***
// Launch: 1 / 1
// Execute: dotnet ParquetBenchmarks-Job-OIFEUM-1.dll --anonymousPipes 132 133 --benchmarkName ParquetBenchmarks.Benchmarks.ReadBenchmarks.DuckDb_Dapper_ReadDecode --job "Runtime=.NET 10.0, IterationCount=5, WarmupCount=2" --benchmarkId 4 in /Users/stephen/Downloads/ParquetBenchmarks 2/bin/Release/net10.0/ParquetBenchmarks-Job-OIFEUM-1/bin/Release/net10.0
// Failed to set up high priority (Permission denied). In order to run benchmarks with high priority, make sure you have the right permissions.
// BeforeAnythingElse

// Benchmark Process Environment Information:
// BenchmarkDotNet v0.15.8
// Runtime=.NET 10.0.5 (10.0.5, 10.0.526.15411), Arm64 RyuJIT armv8.0-a
// GC=Concurrent Workstation
// HardwareIntrinsics=ArmBase+AdvSimd,AES,CRC32,DP,RDM,SHA1,SHA256 VectorSize=128
// Job: Job-AMZPBM(IterationCount=5, WarmupCount=2)


System.Reflection.TargetInvocationException: Exception has been thrown by the target of an invocation.
 ---> System.DllNotFoundException: Unable to load shared library 'duckdb' or one of its dependencies. In order to help diagnose loading problems, consider setting the DYLD_PRINT_LIBRARIES environment variable: 
dlopen(/Users/stephen/Downloads/ParquetBenchmarks 2/bin/Release/net10.0/ParquetBenchmarks-Job-OIFEUM-1/bin/Release/net10.0/runtimes/osx-arm64/native/duckdb.dylib, 0x0001): tried: '/Users/stephen/Downloads/ParquetBenchmarks 2/bin/Release/net10.0/ParquetBenchmarks-Job-OIFEUM-1/bin/Release/net10.0/runtimes/osx-arm64/native/duckdb.dylib' (no such file), '/System/Volumes/Preboot/Cryptexes/OS/Users/stephen/Downloads/ParquetBenchmarks 2/bin/Release/net10.0/ParquetBenchmarks-Job-OIFEUM-1/bin/Release/net10.0/runtimes/osx-arm64/native/duckdb.dylib' (no such file), '/Users/stephen/Downloads/ParquetBenchmarks 2/bin/Release/net10.0/ParquetBenchmarks-Job-OIFEUM-1/bin/Release/net10.0/runtimes/osx-arm64/native/duckdb.dylib' (no such file)
dlopen(/usr/local/share/dotnet/shared/Microsoft.NETCore.App/10.0.5/duckdb.dylib, 0x0001): tried: '/usr/local/share/dotnet/shared/Microsoft.NETCore.App/10.0.5/duckdb.dylib' (no such file), '/System/Volumes/Preboot/Cryptexes/OS/usr/local/share/dotnet/shared/Microsoft.NETCore.App/10.0.5/duckdb.dylib' (no such file), '/usr/local/share/dotnet/shared/Microsoft.NETCore.App/10.0.5/duckdb.dylib' (no such file)
dlopen(/Users/stephen/Downloads/ParquetBenchmarks 2/bin/Release/net10.0/ParquetBenchmarks-Job-OIFEUM-1/bin/Release/net10.0/duckdb.dylib, 0x0001): tried: '/Users/stephen/Downloads/ParquetBenchmarks 2/bin/Release/net10.0/ParquetBenchmarks-Job-OIFEUM-1/bin/Release/net10.0/duckdb.dylib' (no such file), '/System/Volumes/Preboot/Cryptexes/OS/Users/stephen/Downloads/ParquetBenchmarks 2/bin/Release/net10.0/ParquetBenchmarks-Job-OIFEUM-1/bin/Release/net10.0/duckdb.dylib' (no such file), '/Users/stephen/Downloads/ParquetBenchmarks 2/bin/Release/net10.0/ParquetBenchmarks-Job-OIFEUM-1/bin/Release/net10.0/duckdb.dylib' (no such file)
dlopen(duckdb.dylib, 0x0001): tried: 'duckdb.dylib' (no such file), '/System/Volumes/Preboot/Cryptexes/OSduckdb.dylib' (no such file), '/usr/lib/duckdb.dylib' (no such file, not in dyld cache), 'duckdb.dylib' (no such file)
dlopen(/Users/stephen/Downloads/ParquetBenchmarks 2/bin/Release/net10.0/ParquetBenchmarks-Job-OIFEUM-1/bin/Release/net10.0/runtimes/osx-arm64/native/libduckdb.dylib, 0x0001): tried: '/Users/stephen/Downloads/ParquetBenchmarks 2/bin/Release/net10.0/ParquetBenchmarks-Job-OIFEUM-1/bin/Release/net10.0/runtimes/osx-arm64/native/libduckdb.dylib' (no such file), '/System/Volumes/Preboot/Cryptexes/OS/Users/stephen/Downloads/ParquetBenchmarks 2/bin/Release/net10.0/ParquetBenchmarks-Job-OIFEUM-1/bin/Release/net10.0/runtimes/osx-arm64/native/libduckdb.dylib' (no such file), '/Users/stephen/Downloads/ParquetBenchmarks 2/bin/Release/net10.0/ParquetBenchmarks-Job-OIFEUM-1/bin/Release/net10.0/runtimes/osx-arm64/native/libduckdb.dylib' (no such file)
dlopen(/usr/local/share/dotnet/shared/Microsoft.NETCore.App/10.0.5/libduckdb.dylib, 0x0001): tried: '/usr/local/share/dotnet/shared/Microsoft.NETCore.App/10.0.5/libduckdb.dylib' (no such file), '/System/Volumes/Preboot/Cryptexes/OS/usr/local/share/dotnet/shared/Microsoft.NETCore.App/10.0.5/libduckdb.dylib' (no such file), '/usr/local/share/dotnet/shared/Microsoft.NETCore.App/10.0.5/libduckdb.dylib' (no such file)
dlopen(/Users/stephen/Downloads/ParquetBenchmarks 2/bin/Release/net10.0/ParquetBenchmarks-Job-OIFEUM-1/bin/Release/net10.0/libduckdb.dylib, 0x0001): tried: '/Users/stephen/Downloads/ParquetBenchmarks 2/bin/Release/net10.0/ParquetBenchmarks-Job-OIFEUM-1/bin/Release/net10.0/libduckdb.dylib' (no such file), '/System/Volumes/Preboot/Cryptexes/OS/Users/stephen/Downloads/ParquetBenchmarks 2/bin/Release/net10.0/ParquetBenchmarks-Job-OIFEUM-1/bin/Release/net10.0/libduckdb.dylib' (no such file), '/Users/stephen/Downloads/ParquetBenchmarks 2/bin/Release/net10.0/ParquetBenchmarks-Job-OIFEUM-1/bin/Release/net10.0/libduckdb.dylib' (no such file)
dlopen(libduckdb.dylib, 0x0001): tried: 'libduckdb.dylib' (no such file), '/System/Volumes/Preboot/Cryptexes/OSlibduckdb.dylib' (no such file), '/usr/lib/libduckdb.dylib' (no such file, not in dyld cache), 'libduckdb.dylib' (no such file)
dlopen(/Users/stephen/Downloads/ParquetBenchmarks 2/bin/Release/net10.0/ParquetBenchmarks-Job-OIFEUM-1/bin/Release/net10.0/runtimes/osx-arm64/native/duckdb, 0x0001): tried: '/Users/stephen/Downloads/ParquetBenchmarks 2/bin/Release/net10.0/ParquetBenchmarks-Job-OIFEUM-1/bin/Release/net10.0/runtimes/osx-arm64/native/duckdb' (no such file), '/System/Volumes/Preboot/Cryptexes/OS/Users/stephen/Downloads/ParquetBenchmarks 2/bin/Release/net10.0/ParquetBenchmarks-Job-OIFEUM-1/bin/Release/net10.0/runtimes/osx-arm64/native/duckdb' (no such file), '/Users/stephen/Downloads/ParquetBenchmarks 2/bin/Release/net10.0/ParquetBenchmarks-Job-OIFEUM-1/bin/Release/net10.0/runtimes/osx-arm64/native/duckdb' (no such file)
dlopen(/usr/local/share/dotnet/shared/Microsoft.NETCore.App/10.0.5/duckdb, 0x0001): tried: '/usr/local/share/dotnet/shared/Microsoft.NETCore.App/10.0.5/duckdb' (no such file), '/System/Volumes/Preboot/Cryptexes/OS/usr/local/share/dotnet/shared/Microsoft.NETCore.App/10.0.5/duckdb' (no such file), '/usr/local/share/dotnet/shared/Microsoft.NETCore.App/10.0.5/duckdb' (no such file)
dlopen(/Users/stephen/Downloads/ParquetBenchmarks 2/bin/Release/net10.0/ParquetBenchmarks-Job-OIFEUM-1/bin/Release/net10.0/duckdb, 0x0001): tried: '/Users/stephen/Downloads/ParquetBenchmarks 2/bin/Release/net10.0/ParquetBenchmarks-Job-OIFEUM-1/bin/Release/net10.0/duckdb' (no such file), '/System/Volumes/Preboot/Cryptexes/OS/Users/stephen/Downloads/ParquetBenchmarks 2/bin/Release/net10.0/ParquetBenchmarks-Job-OIFEUM-1/bin/Release/net10.0/duckdb' (no such file), '/Users/stephen/Downloads/ParquetBenchmarks 2/bin/Release/net10.0/ParquetBenchmarks-Job-OIFEUM-1/bin/Release/net10.0/duckdb' (no such file)
dlopen(duckdb, 0x0001): tried: 'duckdb' (no such file), '/System/Volumes/Preboot/Cryptexes/OSduckdb' (no such file), '/usr/lib/duckdb' (no such file, not in dyld cache), 'duckdb' (no such file)
dlopen(/Users/stephen/Downloads/ParquetBenchmarks 2/bin/Release/net10.0/ParquetBenchmarks-Job-OIFEUM-1/bin/Release/net10.0/runtimes/osx-arm64/native/libduckdb, 0x0001): tried: '/Users/stephen/Downloads/ParquetBenchmarks 2/bin/Release/net10.0/ParquetBenchmarks-Job-OIFEUM-1/bin/Release/net10.0/runtimes/osx-arm64/native/libduckdb' (no such file), '/System/Volumes/Preboot/Cryptexes/OS/Users/stephen/Downloads/ParquetBenchmarks 2/bin/Release/net10.0/ParquetBenchmarks-Job-OIFEUM-1/bin/Release/net10.0/runtimes/osx-arm64/native/libduckdb' (no such file), '/Users/stephen/Downloads/ParquetBenchmarks 2/bin/Release/net10.0/ParquetBenchmarks-Job-OIFEUM-1/bin/Release/net10.0/runtimes/osx-arm64/native/libduckdb' (no such file)
dlopen(/usr/local/share/dotnet/shared/Microsoft.NETCore.App/10.0.5/libduckdb, 0x0001): tried: '/usr/local/share/dotnet/shared/Microsoft.NETCore.App/10.0.5/libduckdb' (no such file), '/System/Volumes/Preboot/Cryptexes/OS/usr/local/share/dotnet/shared/Microsoft.NETCore.App/10.0.5/libduckdb' (no such file), '/usr/local/share/dotnet/shared/Microsoft.NETCore.App/10.0.5/libduckdb' (no such file)
dlopen(/Users/stephen/Downloads/ParquetBenchmarks 2/bin/Release/net10.0/ParquetBenchmarks-Job-OIFEUM-1/bin/Release/net10.0/libduckdb, 0x0001): tried: '/Users/stephen/Downloads/ParquetBenchmarks 2/bin/Release/net10.0/ParquetBenchmarks-Job-OIFEUM-1/bin/Release/net10.0/libduckdb' (no such file), '/System/Volumes/Preboot/Cryptexes/OS/Users/stephen/Downloads/ParquetBenchmarks 2/bin/Release/net10.0/ParquetBenchmarks-Job-OIFEUM-1/bin/Release/net10.0/libduckdb' (no such file), '/Users/stephen/Downloads/ParquetBenchmarks 2/bin/Release/net10.0/ParquetBenchmarks-Job-OIFEUM-1/bin/Release/net10.0/libduckdb' (no such file)
dlopen(libduckdb, 0x0001): tried: 'libduckdb' (no such file), '/System/Volumes/Preboot/Cryptexes/OSlibduckdb' (no such file), '/usr/lib/libduckdb' (no such file, not in dyld cache), 'libduckdb' (no such file)

   at DuckDB.NET.Data.DuckDBConnectionStringBuilder..cctor()
   at DuckDB.NET.Data.DuckDBConnectionStringBuilder.Parse(String connectionString)
   at DuckDB.NET.Data.DuckDBConnection.get_ParsedConnection()
   at DuckDB.NET.Data.DuckDBConnection.Open()
   at ParquetBenchmarks.Benchmarks.ReadBenchmarks.Setup() in /Users/stephen/Downloads/ParquetBenchmarks 2/Benchmarks/ReadBenchmarks.cs:line 46
   at BenchmarkDotNet.Helpers.AwaitHelper.GetResult(Task task)
   at BenchmarkDotNet.Autogenerated.Runnable_4.<.ctor>b__3_0() in /Users/stephen/Downloads/ParquetBenchmarks 2/bin/Release/net10.0/ParquetBenchmarks-Job-OIFEUM-1/ParquetBenchmarks-Job-OIFEUM-1.notcs:line 985
   at BenchmarkDotNet.Engines.EngineFactory.CreateReadyToRun(EngineParameters engineParameters)
   at BenchmarkDotNet.Autogenerated.Runnable_4.Run(IHost host, String benchmarkName) in /Users/stephen/Downloads/ParquetBenchmarks 2/bin/Release/net10.0/ParquetBenchmarks-Job-OIFEUM-1/ParquetBenchmarks-Job-OIFEUM-1.notcs:line 969
   at System.Reflection.MethodBaseInvoker.InterpretedInvoke_Method(Object obj, IntPtr* args)
   at System.Reflection.MethodBaseInvoker.InvokeDirectByRefWithFewArgs(Object obj, Span`1 copyOfArgs, BindingFlags invokeAttr)
   --- End of inner exception stack trace ---
   at System.Reflection.MethodBaseInvoker.InvokeDirectByRefWithFewArgs(Object obj, Span`1 copyOfArgs, BindingFlags invokeAttr)
   at System.Reflection.MethodBaseInvoker.InvokeWithFewArgs(Object obj, BindingFlags invokeAttr, Binder binder, Object[] parameters, CultureInfo culture)
   at System.Reflection.RuntimeMethodInfo.Invoke(Object obj, BindingFlags invokeAttr, Binder binder, Object[] parameters, CultureInfo culture)
   at BenchmarkDotNet.Autogenerated.UniqueProgramName.AfterAssemblyLoadingAttached(String[] args) in /Users/stephen/Downloads/ParquetBenchmarks 2/bin/Release/net10.0/ParquetBenchmarks-Job-OIFEUM-1/ParquetBenchmarks-Job-OIFEUM-1.notcs:line 57
// AfterAll
No Workload Results were obtained from the run.
// Benchmark Process 95585 has exited with code 255.

// ** Remained 0 (0,0 %) benchmark(s) to run. Estimated finish 2026-09-02 22:32 (0h 0m from now) **
// ***** BenchmarkRunner: Finish  *****

// * Export *
  BenchmarkDotNet.Artifacts/results/ParquetBenchmarks.Benchmarks.ReadBenchmarks-report.csv
  BenchmarkDotNet.Artifacts/results/ParquetBenchmarks.Benchmarks.ReadBenchmarks-report-github.md
  BenchmarkDotNet.Artifacts/results/ParquetBenchmarks.Benchmarks.ReadBenchmarks-report.html

// * Detailed results *
ReadBenchmarks.ParquetNet_ReadDecode: Job-OIFEUM(Runtime=.NET 10.0, IterationCount=5, WarmupCount=2)
Runtime = .NET 10.0.5 (10.0.5, 10.0.526.15411), Arm64 RyuJIT armv8.0-a; GC = Concurrent Workstation
There are not any results runs

ReadBenchmarks.ParquetSharp_Column_ReadDecode: Job-OIFEUM(Runtime=.NET 10.0, IterationCount=5, WarmupCount=2)
Runtime = .NET 10.0.5 (10.0.5, 10.0.526.15411), Arm64 RyuJIT armv8.0-a; GC = Concurrent Workstation
There are not any results runs

ReadBenchmarks.ParquetSharp_Arrow_ReadDecode: Job-OIFEUM(Runtime=.NET 10.0, IterationCount=5, WarmupCount=2)
Runtime = .NET 10.0.5 (10.0.5, 10.0.526.15411), Arm64 RyuJIT armv8.0-a; GC = Concurrent Workstation
There are not any results runs

ReadBenchmarks.DuckDb_AdoNet_ReadDecode: Job-OIFEUM(Runtime=.NET 10.0, IterationCount=5, WarmupCount=2)
Runtime = .NET 10.0.5 (10.0.5, 10.0.526.15411), Arm64 RyuJIT armv8.0-a; GC = Concurrent Workstation
There are not any results runs

ReadBenchmarks.DuckDb_Dapper_ReadDecode: Job-OIFEUM(Runtime=.NET 10.0, IterationCount=5, WarmupCount=2)
Runtime = .NET 10.0.5 (10.0.5, 10.0.526.15411), Arm64 RyuJIT armv8.0-a; GC = Concurrent Workstation
There are not any results runs

// * Summary *

BenchmarkDotNet v0.15.8, macOS Tahoe 26.6.2 (25G83) [Darwin 25.6.0]
Apple M4, 1 CPU, 10 logical and 10 physical cores
.NET SDK 10.0.201
  [Host]     : .NET 10.0.5 (10.0.5, 10.0.526.15411), Arm64 RyuJIT armv8.0-a
  Job-OIFEUM : .NET 10.0.5 (10.0.5, 10.0.526.15411), Arm64 RyuJIT armv8.0-a

Runtime=.NET 10.0  IterationCount=5  WarmupCount=2  

| Method                         | Mean | Error | Ratio | RatioSD | Alloc Ratio |
|------------------------------- |-----:|------:|------:|--------:|------------:|
| ParquetNet_ReadDecode          |   NA |    NA |     ? |       ? |           ? |
| ParquetSharp_Column_ReadDecode |   NA |    NA |     ? |       ? |           ? |
| ParquetSharp_Arrow_ReadDecode  |   NA |    NA |     ? |       ? |           ? |
| DuckDb_AdoNet_ReadDecode       |   NA |    NA |     ? |       ? |           ? |
| DuckDb_Dapper_ReadDecode       |   NA |    NA |     ? |       ? |           ? |

Benchmarks with issues:
  ReadBenchmarks.ParquetNet_ReadDecode: Job-OIFEUM(Runtime=.NET 10.0, IterationCount=5, WarmupCount=2)
  ReadBenchmarks.ParquetSharp_Column_ReadDecode: Job-OIFEUM(Runtime=.NET 10.0, IterationCount=5, WarmupCount=2)
  ReadBenchmarks.ParquetSharp_Arrow_ReadDecode: Job-OIFEUM(Runtime=.NET 10.0, IterationCount=5, WarmupCount=2)
  ReadBenchmarks.DuckDb_AdoNet_ReadDecode: Job-OIFEUM(Runtime=.NET 10.0, IterationCount=5, WarmupCount=2)
  ReadBenchmarks.DuckDb_Dapper_ReadDecode: Job-OIFEUM(Runtime=.NET 10.0, IterationCount=5, WarmupCount=2)

// * Warnings *
BaselineCustomAnalyzer
  Summary -> A question mark '?' symbol indicates that it was not possible to compute the (Ratio, RatioSD, Alloc Ratio) column(s) because the baseline or benchmark could not be found, or the baseline value is too close to zero.

// * Legends *
  Mean        : Arithmetic mean of all measurements
  Error       : Half of 99.9% confidence interval
  Ratio       : Mean of the ratio distribution ([Current]/[Baseline])
  RatioSD     : Standard deviation of the ratio distribution ([Current]/[Baseline])
  Alloc Ratio : Allocated memory ratio distribution ([Current]/[Baseline])
  1 ns        : 1 Nanosecond (0.000000001 sec)

// * Diagnostic Output - MemoryDiagnoser *


// ***** BenchmarkRunner: End *****
Run time: 00:00:27 (27.42 sec), executed benchmarks: 5

Global total time: 00:00:30 (30.81 sec), executed benchmarks: 5
// * Artifacts cleanup *
Artifacts cleanup is finished
